AMATT1.CMP
AMATT2.CMP
AMBODY1.CMP
AMBODY2.CMP
AMDEATH.CMP
AMFACE1.CMP
AMFACE2.CMP
AMFLYK.CMP
AMGRAB.CMP
AMJUMP.CMP
AMMWAST.CMP
AMRUN.CMP
AMTHROW.CMP
AMTRIP.CMP
AMWAST1.CMP
AMWAST2.CMP
ANMLROAR.CMP
ATTRCT2A.CMP
ATTRCT2B.CMP
ATTRCT2C.CMP
ATTRCT2D.CMP
ATTRCT3A.CMP
ATTRCT3B.CMP
ATTRCT3E.CMP
BABAL1.CMP
BABY1.CMP
BEEP1.CMP
BIGBOOM.CMP
BIRD.CMP
BLCRNCH2.CMP
BLDCRNCH.CMP
BODSMSH1.CMP
BONES.CMP
BUBBLE1.CMP
BUBBLE2.CMP
BUBBLE3.CMP
CBLRUSH.CMP
CBLSCRM.CMP
CLICK.CMP
COMPFX1.CMP
DFKLTHRO.CMP
DOGWHINE.CMP
DOGYIP.CMP
FATALFRZ.CMP
FLDOWN.CMP
FLMORPH.CMP
FRIEND1.CMP
FUSE1.CMP
FUSE2.CMP
GSTART.CMP
HBOSS1.CMP
HEADGROW.CMP
HHIT1.CMP
HHIT2.CMP
HISSMIX.CMP
HORN.CMP
IGNITE.CMP
JAXGOTCH.CMP
KANLASR1.CMP
KANLASRL.CMP
LADWHSH.CMP
LITEEND.CMP
LITELOOP.CMP
LITESTRT.CMP
LKATT1.CMP
LKATT2.CMP
LKBODY1.CMP
LKBODY2.CMP
LKBODY3.CMP
LKCYCLE.CMP
LKDEATH.CMP
LKFACE1.CMP
LKFACE2.CMP
LKFLYINK.CMP
LKFLYK.CMP
LKGRAB.CMP
LKJUMP.CMP
LKMWAST.CMP
LKRUN.CMP
LKSKRIP.CMP
LKTHROW.CMP
LKTRIP.CMP
LKWAST1.CMP
LKWAST2.CMP
MACHMIX.CMP
MAUL.CMP
MOTAROM.CMP
NWLITE.CMP
QUAKE1.CMP
ROBLAFF.CMP
ROBPRES2.CMP
SCORTELE.CMP
SCORTHR1.CMP
SHEVTELE.CMP
SHVFBALL.CMP
SKATT1.CMP
SKATT2.CMP
SKBOOM.CMP
SKDESTIN.CMP
SKDIEMIX.CMP
SKDNTLAF.CMP
SKREACT1.CMP
SKREACT2.CMP
SKREACT3.CMP
SKREACT4.CMP
SKSCRMEM.CMP
SKSCRMLM.CMP
SKSCRMSM.CMP
SKSTRKR2.CMP
SKWAST1.CMP
SKWAST2.CMP
SLIDE.CMP
SONBLOW.CMP
SONORB.CMP
SPINERIP.CMP
STCLOUD1.CMP
STCLOUD2.CMP
STCLOUD3.CMP
STCLOUDE.CMP
STONED.CMP
STSKULL.CMP
SWORDS.CMP
SZXPLD.CMP
WASPL.CMP
WASPS.CMP
WHIRL1.CMP
WHISTLE.CMP
WIN1A.CMP
WIN1B.CMP
WIN1C.CMP
