*****************************************************
TMS340 COFF Linker           Version 6.10
*****************************************************
Fri May 19 10:24:30 2023

OUTPUT FILE NAME:   <mk3.out>
ENTRY POINT SYMBOL: "POWERUP"  address: ff830740


MEMORY CONFIGURATION

           name      origin     length     attributes     fill
         --------   --------   ---------   ----------   --------
         SCRATCH    01000000   0003f7300      RWIX      
         IROM       02000000   000600000      RWIX      
         ROM0       ff800000   000001000      RWIX      
         ROM1       ff801000   000001000      RWIX      
         ROM2       ff804000   0007f2f00      RWIX      
         ROM3       ffff6f00   000008d00      RWIX      
         TRAP31     fffffc00   000000400      RWIX      


SECTION ALLOCATION MAP

 output                                  attributes/
section   page    origin      length       input sections
--------  ----  ----------  ----------   ----------------
VECTORS    0    fffffc00    00000400     
                  fffffc00    00000400     MKINIT.OBJ (VECTORS)

IMAGES     0    02000000    00000000     UNINITIALIZED

unzip      0    01000000    00008000     UNINITIALIZED
                  01000000    00008000     UNZIP.OBJ (unzip)

OFIXED     0    01008000    00000000     UNINITIALIZED

.BSS       0    01008000    00000000     UNINITIALIZED

.bss       0    01008000    000b2fa8     UNINITIALIZED
                  01008000    00053950     MKDISP.OBJ (.bss)
                  0105b950    000074a0     RAM.obj (.bss)
                  01062df0    00000040     MKINIT.OBJ (.bss)
                  01062e30    00006520     BAKGND.OBJ (.bss)
                  01069350    00000840     PALL.OBJ (.bss)
                  01069b90    00048df0     MPROC.OBJ (.bss)
                  010b2980    00006000     UNZIP.OBJ (.bss)
                  010b8980    00000220     MKMARK.OBJ (.bss)
                  010b8ba0    00000140     MKSOUND.OBJ (.bss)
                  010b8ce0    00000020     MKBUG.OBJ (.bss)
                  010b8d00    00000040     DIAGADJ.OBJ (.bss)
                  010b8d40    00000010     DIAGCMOS.OBJ (.bss)
                  010b8d50    000002a8     DIAGCOIN.OBJ (.bss)
                  010b8ff8    00000170     DIAGDTST.OBJ (.bss)
                  010b9168    00000260     DIAGHSTD.OBJ (.bss)
                  010b93c8    00000170     DIAGMENU.OBJ (.bss)
                  010b9538    00000860     DIAGPIC.OBJ (.bss)
                  010b9d98    00001210     DIAGTEXT.OBJ (.bss)

FLOORORG   0    ff800000    00000520     
                  ff800000    00000520     MKDISP.OBJ (FLOORORG)

SHADORG    0    ff801000    00000d30     
                  ff801000    00000d30     MKDISP.OBJ (SHADORG)

.text      0    ff804000    00306db0     
                  ff804000    000042a0     MKDISP.OBJ (.text)
                  ff8082a0    0000c610     MAIN.OBJ (.text)
                  ff8148b0    00013bf0     MKZAP.OBJ (.text)
                  ff8284a0    000082a0     BGND.OBJ (.text)
                  ff830740    000071a0     MKINIT.OBJ (.text)
                  ff8378e0    00008150     JOY.OBJ (.text)
                  ff83fa30    00013050     MKBT.OBJ (.text)
                  ff852a80    00001ab0     BAKGND.OBJ (.text)
                  ff854530    00001500     PALL.OBJ (.text)
                  ff855a30    00000c80     MPROC.OBJ (.text)
                  ff8566b0    00000f40     UTIL.OBJ (.text)
                  ff8575f0    000030b0     MKFADE.OBJ (.text)
                  ff85a6a0    0001bfc0     MKEND.OBJ (.text)
                  ff876660    00002d80     MKBUYIN.OBJ (.text)
                  ff8793e0    0000af10     MKUTIL.OBJ (.text)
                  ff8842f0    00003840     MKANI.OBJ (.text)
                  ff887b30    000027e0     UNZIP.OBJ (.text)
                  ff88a310    000084d0     MKAMODE.OBJ (.text)
                  ff8927e0    0001c3f0     MOVES.OBJ (.text)
                  ff8aebd0    00025f50     MKFATAL.OBJ (.text)
                  ff8d4b20    0000cec0     MKFRIEND.OBJ (.text)
                  ff8e19e0    0000eaf0     MKPROP.OBJ (.text)
                  ff8f04d0    00012b20     MKSEL.OBJ (.text)
                  ff902ff0    00017590     MKREACT.OBJ (.text)
                  ff91a580    00007d80     MKSLAM.OBJ (.text)
                  ff922300    000077d0     MKSTAT.OBJ (.text)
                  ff929ad0    00008e00     MKMARK.OBJ (.text)
                  ff9328d0    00008b60     MKGUYS.OBJ (.text)
                  ff93b430    00004f10     MKBLOOD.OBJ (.text)
                  ff940340    0000c020     MKBOSS.OBJ (.text)
                  ff94c360    00014c70     MKDRONE.OBJ (.text)
                  ff960fd0    00017690     MKFX.OBJ (.text)
                  ff978660    00006cb0     MKSOUND.OBJ (.text)
                  ff97f310    00001370     MKBUG.OBJ (.text)
                  ff980680    00000170     MKDEATH.OBJ (.text)
                  ff9807f0    000028a0     MKCANNED.OBJ (.text)
                  ff983090    00002a20     MKTEXT.OBJ (.text)
                  ff985ab0    00006790     MKHSTD.OBJ (.text)
                  ff98c240    0000d1c0     MKVS.OBJ (.text)
                  ff999400    0000e640     MKANIMAL.OBJ (.text)
                  ff9a7a40    000049e0     MKCOMBO.OBJ (.text)
                  ff9ac420    00000e50     MKREPELL.OBJ (.text)
                  ff9ad270    00014f80     MKROBO.OBJ (.text)
                  ff9c21f0    00003700     MKSCORE.OBJ (.text)
                  ff9c58f0    00005c60     MKLADDER.OBJ (.text)
                  ff9cb550    00002520     MKBONUS.OBJ (.text)
                  ff9cda70    00008c50     MKBIO.OBJ (.text)
                  ff9d66c0    00014120     MKIND.OBJ (.text)
                  ff9ea7e0    0000f8b0     MKJAX.OBJ (.text)
                  ff9fa090    0000dee0     MKKANO.OBJ (.text)
                  ffa07f70    0000f220     MKLAO.OBJ (.text)
                  ffa17190    00014c20     MKLIA.OBJ (.text)
                  ffa2bdb0    0000dc80     MKLK.OBJ (.text)
                  ffa39a30    00008410     MKMOT.OBJ (.text)
                  ffa41e40    00004bf0     MKR1.OBJ (.text)
                  ffa46a30    0000df20     MKSG.OBJ (.text)
                  ffa54950    00006bc0     MKSK.OBJ (.text)
                  ffa5b510    0000ed40     MKSONYA.OBJ (.text)
                  ffa6a250    000101a0     MKST.OBJ (.text)
                  ffa7a3f0    0000c6b0     MKSTK.OBJ (.text)
                  ffa86aa0    0000f360     MKSWAT.OBJ (.text)
                  ffa95e00    0000f1a0     MKSZ.OBJ (.text)
                  ffaa4fa0    00012280     MKTUSK.OBJ (.text)
                  ffab7220    000067c0     DIAGADJ.OBJ (.text)
                  ffabd9e0    00001c40     DIAGCMOS.OBJ (.text)
                  ffabf620    00007e40     DIAGCOIN.OBJ (.text)
                  ffac7460    000001a0     --HOLE-- [fill = 0000ffff]
                  ffac7600    00019550     DIAGDTST.OBJ (.text)
                  ffae0b50    000011d0     DIAGDUTL.OBJ (.text)
                  ffae1d20    000020d0     DIAGFONT.OBJ (.text)
                  ffae3df0    00000730     DIAGHSTD.OBJ (.text)
                  ffae4520    0001b6c0     DIAGMENU.OBJ (.text)
                  ffaffbe0    000041a0     DIAGPIC.OBJ (.text)
                  ffb03d80    000056b0     DIAGTEXT.OBJ (.text)
                  ffb09430    00001980     DIAGWORD.OBJ (.text)

.TEXT      0    ffb0adb0    00000000     UNINITIALIZED

.data      0    ffb0adb0    001f17a0     
                  ffb0adb0    00000360     MKDISP.OBJ (.data)
                  ffb0b110    00027e20     BGNDPAL.OBJ (.data)
                  ffb32f30    00023fd0     BGNDTBL.OBJ (.data)
                  ffb56f00    00005bc0     MKBT.OBJ (.data)
                  ffb5cac0    000003f0     MKEND.OBJ (.data)
                  ffb5ceb0    00008b90     MKFATAL.OBJ (.data)
                  ffb65a40    0000aa10     MKFRIEND.OBJ (.data)
                  ffb70450    00001a60     MKSEL.OBJ (.data)
                  ffb71eb0    00000870     MKSTAT.OBJ (.data)
                  ffb72720    00000fc0     MKMARK.OBJ (.data)
                  ffb736e0    00005b70     MKBLOOD.OBJ (.data)
                  ffb79250    0000bb60     MKFX.OBJ (.data)
                  ffb84db0    00002740     IMGPAL2.OBJ (.data)
                  ffb874f0    00001da0     IMGPAL3.OBJ (.data)
                  ffb89290    00003320     IMGPAL4.OBJ (.data)
                  ffb8c5b0    00002600     IMGPAL5.OBJ (.data)
                  ffb8ebb0    00004e20     IMGPAL6.OBJ (.data)
                  ffb939d0    00027100     IMGPAL7.OBJ (.data)
                  ffbbaad0    0000c1c0     IMGPAL8.OBJ (.data)
                  ffbc6c90    00001540     IMGPAL9.OBJ (.data)
                  ffbc81d0    0000c360     IMGPALA.OBJ (.data)
                  ffbd4530    00004740     MKTEXT.OBJ (.data)
                  ffbd8c70    00007870     MKVS.OBJ (.data)
                  ffbe04e0    0000b150     MKANIMAL.OBJ (.data)
                  ffbeb630    00014cf0     MKROBO.OBJ (.data)
                  ffc00320    000019d0     MKSCORE.OBJ (.data)
                  ffc01cf0    0001ca30     MKIND.OBJ (.data)
                  ffc1e720    0000fd10     MKJAX.OBJ (.data)
                  ffc2e430    0000c660     MKKANO.OBJ (.data)
                  ffc3aa90    00010bb0     MKLAO.OBJ (.data)
                  ffc4b640    000148b0     MKLIA.OBJ (.data)
                  ffc5fef0    0000bf40     MKLK.OBJ (.data)
                  ffc6be30    00010440     MKMOT.OBJ (.data)
                  ffc7c270    0000d1a0     MKSG.OBJ (.data)
                  ffc89410    00009f50     MKSK.OBJ (.data)
                  ffc93360    0000dac0     MKSONYA.OBJ (.data)
                  ffca0e20    0000f810     MKST.OBJ (.data)
                  ffcb0630    0000f5d0     MKSWAT.OBJ (.data)
                  ffcbfc00    0000fe50     MKSZ.OBJ (.data)
                  ffccfa50    00013610     MKTUSK.OBJ (.data)
                  ffce3060    000194f0     DIAGADJ.OBJ (.data)

.DATA      0    ffcfc550    00000000     UNINITIALIZED

img_tbl    0    ffcfc550    00000000     UNINITIALIZED


GLOBAL SYMBOLS

address  name                             address  name
-------- ----                             -------- ----
01008000 .bss                             0000001c idatalen
ffb0adb0 .data                            0000003d cs_ents
ff804000 .text                            01008000 .bss
ffbd2e00 ANIMAL_P                         0102d6f0 objstr
ffb50c30 AO1HDRS                          0105b950 rand
ffb2f910 AO1PALS                          0105b970 swstack
ffb51300 AO2HDRS                          0105b990 swtemp1
ffb2fa30 AO2PALS                          0105b9b0 swtemp2
ffb458b0 AVEHDRS                          0105b9d0 swtemp3
ffb26fd0 AVEPALS                          0105b9f0 swtemp4
ffb2dd70 BABFLR_P                         0105ba10 swstmn
ffbc9a40 BABY10P                          0105bb10 syscopy
ffbc9420 BABY11_P                         0105bb10 swstst
ffbc9630 BABY12_P                         0105bb30 palram
ffbc9830 BABY13_P                         0105bb30 fpalram
ffbc81d0 BABY1_P                          0105c3f0 bpalram
ffbc83c0 BABY2_P                          0105d1b0 ptrram
ffbc85d0 BABY3_P                          0105d7b0 irqled
ffbc87e0 BABY4_P                          0105d7c0 pageaddr
ffbc89f0 BABY5_P                          0105d7e0 irqskye
ffbc8c00 BABY6_P                          0105d800 tick
ffbc8df0 BABY7_P                          0105d810 noflip
ffbc9000 BABY8_P                          0105d820 displayon
ffbc9c50 BABY9B_P                         0105d830 dlists
ffbc9e60 BABY9C_P                         0105d850 call_every_tick
ffbc9210 BABY9_P                          0105d870 scrolly
ffbd2490 BABYA_P                          0105d890 worldtly
ffbd2280 BABYB_P                          0105d8b0 scrollx8
ffbd2890 BABYI_P                          0105d8d0 scrollx7
ffbd26a0 BABYL_P                          0105d8f0 scrollx6
ffbd2a70 BABYT_P                          0105d910 scrollx5
ffbd2c20 BABYY_P                          0105d930 scrollx4
ffb2bec0 BALC01_P                         0105d950 scrollx3
ffb2c2c0 BALC02_P                         0105d970 scrollx2
ffb2cd30 BALC03_P                         0105d990 scrollx1
ffb2d140 BALC04_P                         0105d9b0 scrollx
ffb2cac0 BALC06_P                         0105d9d0 worldtlx8
ffb2b7e0 BALC3_P                          0105d9f0 worldtlx7
ffb4f5f0 BALCONY1BLKS                     0105da10 worldtlx6
ffb50000 BALCONY1BMOD                     0105da30 worldtlx5
ffb4fdc0 BALCONY2BLKS                     0105da50 worldtlx4
ffb50090 BALCONY2BMOD                     0105da70 worldtlx3
ffb4f2c0 BALCONY3BLKS                     0105da90 worldtlx2
ffb4fe50 BALCONY3BMOD                     0105dab0 worldtlx1
ffb4f390 BALCONY4BLKS                     0105dad0 worldtlx
ffb4fee0 BALCONY4BMOD                     0105daf0 baklst9
ffb4f5a0 BALCONY5BLKS                     0105db10 baklst8
ffb4ff70 BALCONY5BMOD                     0105db30 baklst7
ffbb80d0 BALFIR2_P                        0105db50 baklst6
ffb2e0d0 BALFIRE_P                        0105db70 baklst5
ffb3a040 BANK1BLKS                        0105db90 baklst4
ffb3c020 BANK1BMOD                        0105dbb0 baklst3
ffb13c00 BANK1_P                          0105dbd0 baklst2
ffb3bd10 BANK2BLKS                        0105dbf0 baklst1
ffb3c0b0 BANK2BMOD                        0105dc10 objlst
ffb14010 BANK2_P                          0105dc30 objlst2
ffb14420 BANK3_P                          0105dc50 objlst3
ffb14830 BANK4_P                          0105dc70 last_objlst
ffb14c40 BANK5_P                          0105e270 entry_22
ffb15050 BANK6_P                          0105e330 entry_21
ffb15410 BANK7_P                          0105e3f0 entry_20
ffb1bd30 BARACDE_P                        0105e430 p2_turbo_xpos
ffb2d960 BATRIM_P                         0105e450 p2_turbo_view
ffbb1150 BATTLE_P                         0105e4b0 entry_19
ffbd1440 BAT_P                            0105e510 p1_turbo_view
ffb1f6c0 BELFLR_P                         0105e570 entry_18
ffbb7d10 BELHOLE_P                        0105e630 entry_17
ffb58250 BELLHOLE1A                       0105e6f0 entry_16
ffb582e0 BELLHOLE1B                       0105e7b0 entry_15
ffb58370 BELLHOLE2                        0105e870 entry_14
ffb1edc0 BELLS_P                          0105e930 entry_13
ffb1e190 BELPIL_P                         0105e9f0 entry_12
ffb1e9b0 BELSTR_P                         0105eab0 entry_11
ffb1dd80 BELWAL_P                         0105ebb0 p2_bar_xpos
ffb1e5a0 BELWL2_P                         0105ebd0 p2_bar_view
ffb1dab0 BEMOON_P                         0105ec90 p1_bar_view
ffb27550 BGHD3_P                          0105ee70 entry_6
ffb95ad0 BGKANO1_P                        0105ef30 entry_5
ffb96ac0 BGKANO2_P                        0105f050 p2_knotch2
ffb972c0 BGKANO3_P                        0105f110 p2_knotch1
ffb974c0 BGKANO4_P                        0105f1d0 p1_knotch2
ffb939d0 BGPAL1_P                         0105f290 p1_knotch1
ffb940e0 BGSON1_P                         0105f2f0 score_1st
ffb950e0 BGSON2_P                         0105f2f0 score_ram_end
ffb958d0 BGSON3_P                         0105f310 p1_shadadj
ffa55190 BGSTANCE1                        0105f320 p2_shadadj
ffbcd300 BHBLADE_P                        0105f330 clk_tens
ffb28130 BHED2B_P                         0105f340 clk_ones
ffb28540 BHED2C_P                         0105f350 f_shadows
ffb28d50 BHED2D_P                         0105f360 f_skew
ffb28950 BHED2E_P                         0105f370 skew_dx
ffbcaeb0 BHINDIA_P                        0105f390 skew_oc
ffbcaaa0 BHJAX_P                          0105f3b0 skew_y
ffbcb2b0 BHKANO_P                         0105f3c0 skew_height
ffbccef0 BHLAO_P                          0105f3d0 skew_stack
ffbcc2c0 BHLIA_P                          0105f3e0 skew_constpal
ffbcb6b0 BHLIU_P                          0105f400 skew_calla
ffbca690 BHRDROB_P                        0105f420 skew_sag
ffbcd6f0 BHSHGOR_P                        0105f440 skew_scroll
ffbcc6d0 BHSWAT_P                         0105f460 ground_y
ffbcbab0 BHSZERO_P                        0105f470 ceiling_y
ffbccae0 BHTSANG_P                        0105f480 left_edge
ffbcbeb0 BHTUSK_P                         0105f490 right_edge
ffbd6000 BIGFONT_1                        0105f4a0 scrtab
ffbd6090 BIGFONT_2                        0105f4c0 p1_ram
ffb0b930 BIGGAR_P                         0105f9c0 p2_ram
ffb29560 BIGHD2_P                         010608c0 ofree
ffbcf820 BIGHORN_P                        010608e0 scrntl
ffb27190 BIHD1_P                          01060900 scrnlr
ffb545a0 BIOMODBLKS                       01060920 scrntl2
ffb54d30 BIOMODBMOD                       01060940 scrnlr2
ffb31ba0 BIOPOR_P                         01060960 gstate
ffb12f50 BKPIL_P                          01060980 p1_state
ffb93220 BLAST_P                          01060990 p1_shape
ffbc6c90 BLDXPD_P                         010609b0 p1_obj
ffbb9ff0 BLOOD_P                          010609d0 p1_button
ffb8e290 BLUPAL_P                         010609f0 p1_proc
ffb1fee0 BLUST_P                          01060a10 p1_char
ffbc5c50 BODY_P                           01060a20 p1_xvel
ffb88c80 BOMB_P                           01060a40 p1_bar
ffbc6060 BONE_P                           01060a50 p1_turbo
ffbba900 BOTA_P                           01060a60 p1_perfect
ffbb0f90 BOX1_P                           01060a70 p1_matchw
ffb564b0 BOXHDRS                          01060a80 p1_map
ffb32ef0 BOXPALS                          01060aa0 p1_dont_raise
ffbba0f0 BPRTS_P                          01060ab0 p1_bcq
ffb1d0b0 BRAIL_P                          01060d50 p1_jcq
ffb34580 BRAWHDRS                         01060ff0 p1_boq
ffb11160 BRAWPALS                         01061290 p1_joq
ffb1a4d0 BRCKBLD_P                        01061530 p2_state
ffb1b920 BRGEND1_P                        01061540 p2_shape
ffb1c080 BRGEND3_P                        01061560 p2_obj
ffb1c490 BRGEND4_P                        01061580 p2_button
ffb3ec70 BRIDGE1BLKS                      010615a0 p2_proc
ffb3f720 BRIDGE1BMOD                      010615c0 p2_char
ffb3f480 BRIDGE2BLKS                      010615d0 p2_xvel
ffb3f7b0 BRIDGE2BMOD                      010615f0 p2_bar
ffb3f610 BRIDGE3BLKS                      01061600 p2_turbo
ffb3f840 BRIDGE3BMOD                      01061610 p2_perfect
ffb31030 BRMET_P                          01061620 p2_matchw
ffb2d550 BROZF_P                          01061650 p2_dont_raise
ffb1b100 BRWAL2_P                         01061660 p2_bcq
ffb1b510 BRWAL3_P                         01061900 p2_jcq
ffb202f0 BSTEP_P                          01061ba0 p2_boq
ffbce6e0 BUBBLE_P                         01061e40 p2_joq
ffb17350 BUILD_P                          010620e0 f_nosound
ffbd18c0 BULL_P                           010620f0 f_timeout
ffbb3c20 BURNVS_P                         01062100 f_doscore
ffbb82d0 BURN_P                           01062110 f_death
ffb31160 BUYIN_p                          01062120 f_norepell
ffbbc9a0 BUZZER                           01062130 f_start
ffb1acf0 BWALL1_P                         01062140 f_auto_erase
ffbc6470 CAGE_P                           01062150 f_novel
ffbcf220 CAMPFYR_P                        01062160 f_warnsound
ffb2bab0 CANDLE_P                         01062170 f_nopmsg
ffb0fc00 CAN_P                            01062180 f_start_pressed
ffb256d0 CEMA3_P                          010621a0 f_no_violence
ffb252c0 CEMA4_P                          010621b0 f_no_blood
ffb262a0 CEMGRD2_P                        010621c0 f_fade
ffb23da0 CEMGRD5_P                        010621d0 f_no_lb
ffb25ef0 CEMHILL_P                        010621e0 f_thatsall
ffbd13b0 CHEETAH_P                        010621f0 pf_ram
ffb0d0c0 CHRYLR_P                         01062210 curback
ffb0c150 CITHAL_P                         01062220 diff
ffb0d8e0 CITSKY1_P                        01062230 perform
ffb0d4d0 CITSKY2_P                        01062240 round_num
ffb15820 CITY1_P                          01062250 winner_status
ffb15c30 CITY2_P                          01062260 map_start
ffb16040 CITY3_P                          01062280 map_position
ffb16450 CITY4_P                          01062290 battle_num
ffb16860 CITY5_P                          010622a0 p1_wiar
ffb16c70 CITY6_P                          010622b0 p2_wiar
ffb266b0 CME4_P                           010622c0 p1_rwon
ffb88af0 CPBLAST_P                        010622d0 p2_rwon
ffbc3290 CRACKP_P                         010622e0 p1_hitq
ffb31380 CRUMP_P                          01062340 p2_hitq
ffbcfc00 CUM_P                            010623c0 c_three
ffbd19e0 DANGER_p                         010623e0 c_amodeloop
ffb50120 DDENHDRS                         010623f0 c_amode_bio
ffb2f870 DDENPALS                         01062400 f_secret
ffbc4340 DEFENDER                         01062410 l_hp
ffbd1830 DINO_P                           01062430 l_lp
ffbbf510 DISPLAY_P                        01062450 l_block
ffb0b520 DKGOYL_P                         01062470 l_hk
ffb31d10 DMARBL_P                         01062490 l_lk
ffb92a20 DRAGFIR_P                        010624b0 l_up
ffbd1710 DRAGON_P                         010624d0 l_down
ffbb68d0 DRILL_P                          010624f0 l_left
ffb0adb0 DROP1                            01062510 l_right
ffbc37b0 DROPS                            01062530 l_run
ffbd1e70 DSHIP_P                          01062550 c_hp
ffbd3e20 DUMMY_P                          01062570 c_lp
ffbbc820 DYNO_P                           01062590 c_block
ffbcffd0 EARTH01P                         010625b0 c_hk
ffbd01e0 EARTH02P                         010625d0 c_lk
ffbd05f0 EARTH03P                         010625f0 c_up
ffbc75a0 EBLUE_P                          01062610 c_down
ffbc6d80 EGOLD_P                          01062630 c_left
ffbc79b0 EGREEN_P                         01062650 c_right
ffcb04a0 EJBSPIKE                         01062670 c_run
ffbd0a10 ELEC_P                           010626c0 c_kahn_dummy
ffbc7190 EMAG_P                           010626d0 c_goro_dummy
ffb551d0 ENDMODBLKS                       010626e0 c_sk_taunt
ffb56420 ENDMODBMOD                       010626f0 f_final_act
ffb31ef0 END_KAB_P                        01062700 c_1p_tries
ffbc7dc0 ERED_P                           01062710 baklst8_t
ffb18f50 FALL1P                           01062730 baklst7_t
ffb19770 FALL2P                           01062750 baklst6_t
ffb18760 FALL3P                           01062770 baklst5_t
ffb18b60 FALL4P                           01062790 baklst4_t
ffb19360 FALL5P                           010627b0 baklst3_t
ffbc49f0 FATAL_P                          010627d0 baklst2_t
ffbcf580 FETCH_P                          010627f0 baklst1_t
ffb8de80 FGBLUE_P                         01062810 objlst_t
ffb8da70 FGRED_P                          01062830 worldtly_t
ffb8ebb0 FIRE_P                           01062850 worldtlx8_t
ffbbace0 FITEYEL_P                        01062870 worldtlx7_t
ffb0cce0 FLATI_P                          01062890 worldtlx6_t
ffb89b50 FLESH_P                          010628b0 worldtlx5_t
ffbd1af0 FRIEN_P                          010628d0 worldtlx4_t
ffb88110 FRZBLST_P                        010628f0 worldtlx3_t
ffbced10 FUTBALL2                         01062910 worldtlx2_t
ffbc5a40 FXFIRE_P                         01062930 worldtlx1_t
ffbc6880 GBODY_P                          01062950 worldtlx_t
ffb88930 GFIRE_P                          01062970 counter_copy
ffb875c0 GFIRE_p                          01062980 f_colbox
ffb1a0c0 GLASBLD_P                        01062990 last_dma
ffb8efc0 GLOW_P                           010629c0 f_fastrun
ffb24aa0 GRATRE_P                         010629d0 f_nopower
ffb24eb0 GRAV1_P                          010629e0 debug2
ffb25ae0 GRAV2_P                          01062a00 debug3
ffb48ae0 GRAVE0BLKS                       01062a20 br_red
ffb490e0 GRAVE0BMOD                       01062a30 br_white
ffb48650 GRAVE1BLKS                       01062a40 br_blue
ffb49050 GRAVE1BMOD                       01062a50 br_yellow
ffb47f80 GRAVE2BLKS                       01062a60 skew_scale
ffb48fc0 GRAVE2BMOD                       01062a80 f_only_t
ffb47b70 GRAVE3BLKS                       01062a90 dv_hangout
ffb48f30 GRAVE3BMOD                       01062aa0 f_sans_throws
ffb477a0 GRAVE4BLKS                       01062ab0 round_1_jsrp
ffb48ea0 GRAVE4BMOD                       01062ac0 round_23_jsrp
ffb47550 GRAVE5BLKS                       01062ad0 f_sans_block
ffb48e10 GRAVE5BMOD                       01062ae0 f_mercy
ffb473c0 GRAVE6BLKS                       01062af0 round_zero
ffb48d80 GRAVE6BMOD                       01062af0 l_sz_decoy
ffb472f0 GRAVE7BLKS                       01062b10 l_morph
ffb48cf0 GRAVE7BMOD                       01062b30 l_slide
ffbb8af0 GRAVES_P                         01062b50 l_liazap
ffb874f0 GRNFLM_P                         01062b70 l_net
ffb27910 GRNLIT_P                         01062b90 l_angle
ffb2c6c0 GRNWEL_P                         01062ba0 f_aabuse
ffb243c0 GSHV3_P                          01062bb0 f_upcut_rec
ffbd1180 HAWK_P                           01062bc0 f_unlim_run
ffba92b0 HDBRDE_P                         01062be0 l_jaxzap2
ffbacb20 HDGORO_P                         01062c60 combo_1
ffbad330 HDINDY_P                         01062c60 round_zero_end
ffba9ac0 HDJAX_P                          01062c70 combo_2
ffbac310 HDKANG_P                         01062c80 combo_3
ffbab2f0 HDKANO_P                         01062c90 combo_4
ffbadb40 HDKETC_P                         01062ca0 combo_5
ffbaa2d0 HDLAO_P                          01062cb0 combo_6
ffbaeb60 HDMOTA_P                         01062cc0 ladder_scale
ffbabb00 HDMUST_P                         01062ce0 ladder_y
ffbae350 HDSAND_P                         01062d00 ladder_y_vel
ffba7a80 HDSHAG_P                         01062d20 ladder_x
ffbaf370 HDSHAO_P                         01062d40 ladder_x_vel
ffbaaae0 HDSOYN_P                         01062d60 ladder_left_x
ffba8290 HDSUBZ_P                         01062d70 ladder_right_x
ffba8aa0 HDSWAT_P                         01062d80 ladder_order
ffb50530 HIDDEN1BLKS                      01062d90 ladder_base
ffb50b10 HIDDEN1BMOD                      01062db0 f_dark
ffb50800 HIDDEN2BLKS                      01062dc0 dark_dlist
ffb50ba0 HIDDEN2BMOD                      01062de0 f_smoke
ffb8d2d0 HILITE_P                         01062e50 bak1bits
ffbd1950 HORSE_P                          01063ad0 bak2bits
ffbbc340 HUGE_P                           01064750 bak3bits
ffbbbf30 ICEBLOW_P                        010653d0 bak4bits
ffb88320 ICE_P                            01066050 bak5bits
ffb87f00 ICO13P                           01066cd0 bak6bits
ffb3e3b0 IDGEHDRS                         01067950 bak7bits
ffb1d8d0 IDGEPALS                         010685d0 bak8bits
ffbb1570 IDRAG_P                          01069250 bak1mods
ffbb1930 IGORO_P                          01069270 bak2mods
ffbb2d00 IKAHN_P                          01069290 bak3mods
ffbb1cd0 ILIGHT_P                         010692b0 bak4mods
ffbb20e0 IMK_P                            010692d0 bak5mods
ffbce7f0 INAXE_P                          010692f0 bak6mods
ffb870e0 INBLU_P                          01069310 bak7mods
ffbbfde0 INCUT_P                          01069330 bak8mods
ffbbf0e0 INDFLB_P                         01069b90 active
ffbbeed0 INFLA_P                          01069bb0 free
ffb90df0 INMORF_P                         01069bd0 timer
ff9d7160 INSTANCE1                        01069bf0 overload
ffb54230 IOHDRS                           01069c00 prcstr
ffb31cb0 IOPALS                           010b2980 lengthtree
ffbb24f0 IQ_P                             010b8ba0 chan1pri
ffbb28f0 IRAID_P                          010b8be0 chan2pri
ffbb30d0 ISKULL_P                         010b8c20 chan3pri
ffbb3470 ITHREE_P                         010b8c60 chan4pri
ffbb3830 IYIN_P                           010b8ca0 chan5pri
ffaffbe0 InitPIC                          010b8d40 bad_aud
ffc2d390 JAXBIGBOOT                       010b8e20 coinflag
ffbbe370 JAXFLA_P                         010b8e30 gameunits
ffbbe570 JAXFLB_P                         010b8ea0 octo_flag
ffc2d4e0 JAXGROWFINA                      010b9088 forcedip
ffc2d550 JAXGROWFINB                      010b9168 char_plot
ffb86490 JAXPRP_P                         010b91a8 char_score
ffb86cb0 JQAK_P                           010b9398 on_hstd
ffbc01f0 JXCUT_P                          010b94d8 lastcolor
ffb909e0 JXMORF_P                         010b95f8 _man_date
ffb86ed0 JXPREXP_P                        010b9618 _serial_number
ffb86dc0 JXPROJT_P                        010b9898 message_buffer
ff9eb220 JXSTANCE1                        010b9d98 strngram
ffb868a0 JZXGRN_P                         010b9f78 stringf_ram
ffb8d570 KABGLOW_P                        010baf28 string1
ffb8d660 KABOK_P                          010baf48 string2
ffb905d0 KAMORF_P                         010baf68 string3
ffb851c0 KANOBLU_P                        010baf88 string_shadow
ffbbdd50 KANOFLA_P                        010bafa8 end
ffbbdf50 KANOFLB_P                        c0000090 dpystrt
ffb84db0 KANORED_P                        ff800000 floor_code
ffb93ee0 KANPRO_P                         ff800160 skew_rets
ffbbb830 KISSORB_P                        ff804000 .text
ffbc0600 KLCUT_P                          ff8045d0 dma_interupt
ffb901f0 KLMORF_P                         ff8049b0 display
ffa089d0 KLSTANCE1                        ff805a40 yzsort
ff9ffd90 KNBROKEN1                        ff805dc0 scrtst
ffbc0a10 KNCUT_P                          ff806020 oinit
ff9faa90 KNSTANCE1                        ff806e50 getobj
ffbbd420 KUFLB_P                          ff807020 insobj3
ffb8c1a0 KUNGBLU_P                        ff807080 insobj2
ffb8bd90 KUNG_P                           ff807140 insobj_v
ffbb64d0 LADBRK_P                         ff807180 insobj
ffb52340 LADDERBLKS                       ff807320 delobj3
ffb52650 LADDERBMOD                       ff807380 delobj2
ffbb70f0 LADGND_P                         ff8073e0 delobj_lista4
ffb8c6c0 LAHAT_P                          ff807410 delobj
ffb17760 LAMP_P                           ff8075a0 kilobj2
ffbcf790 LAODOG_P                         ff807600 kilobj
ffbbd210 LAOFLA_P                         ff8077b0 existobj
ffbbf5c0 LAOTOP_P                         ff807970 bkgsagof
ffbbb310 LASEREY_P                        ff8079e0 gsagof
ffb4eb40 LC2HDRS                          ff807a80 ani_flag
ffb2e2d0 LC2PALS                          ff807aa0 ani
ffb526e0 LECTHDRS                         ff807eb0 ani0
ffb30f90 LECTPALS                         ff807f20 ganiof
ffb8c5b0 LHATGLO_P                        ff8080a0 qdma
ffbbd840 LIAFLA_P                         ff808260 qdman
ffb89530 LIASPIT_P                        ff808290 dman
ffa17c70 LIASTANCE1                       ff8082a0 SETUP
ffbc0e20 LICUT_P                          ff8084c0 p1_start_button
ffb89320 LIFLASH_P                        ff808510 p2_start_button
ffbbbb40 LIGHTNG_P                        ff8092c0 start_a_game
ffb8f5e0 LIMORF_P                         ff809620 game_loop
ffbd1200 LION_P                           ff8096d0 round_loop
ffb1d4c0 LITPOST_P                        ff8098d0 play3
ffb89940 LIXPLOD_P                        ff80a6a0 play_1_round
ffb91df0 LKMORF_P                         ff80b1a0 post_sec_trash
ffb92200 LKRED_P                          ff80b820 master_proc_mercy
ffb92610 LKYELO_P                         ff80bff0 mercy_start
ffb42300 LL2HDRS                          ff80cb60 results_of_round
ffb20ad0 LL2PALS                          ff80e1e0 advance_curback
ffb3f8d0 LLHDRS                           ff80f390 count_active_players
ffb1f5e0 LLPALS                           ff80fdc0 fatality_waiting
ffb88e90 LPRP_P                           ff80fe90 play_background_tune
ffb217a0 LTCAND_P                         ff8103e0 winner_tunes
ffbc1220 LUCUT_P                          ff8106c0 game_over
ffbcdfb0 LUFIRE_P                         ff810e00 game_init
ffbbe680 LUFLA_P                          ff811210 init_player_variables
ffa2c8f0 LUSTANCE1                        ff8113f0 round_init
ffb52d20 LVSHDRS                          ff811f60 flash_pmsg
ffb31140 LVSPALS                          ff812080 flash_pmsg2
ffb8d370 MAGENTA_P                        ff8138c0 amode_demo_game
ffb319c0 MARBL_P                          ff813de0 clear_combo_ram
ffb8ada0 MECARM_P                         ff8148b0 do_zap
ffbc47e0 MEDIUM_p                         ff823f10 robo_open_chest
ffbc4cf0 MERCY_P                          ff824000 robo_close_chest
ffbd3610 MK1GAME_P                        ff826c30 get_proj_obj_m
ffbd3a10 MK2GAME_P                        ff827680 delete_proj_and_die
ffb64b10 MK2GAME                          ff827830 set_proj_vel
ffb416b0 MKBELL1BLKS                      ff8279e0 create_proj_proc
ffb41fa0 MKBELL1BMOD                      ff827d00 proj_onscreen_test
ffb41c30 MKBELL2BLKS                      ff8284a0 do_a11_background
ffb421e0 MKBELL2BMOD                      ff8285b0 background
ffb41aa0 MKBELL3BLKS                      ff828630 multi_plane
ffb42150 MKBELL3BMOD                      ff828c90 init_bakmods
ffb41810 MKBELL4BLKS                      ff8293a0 scroller
ffb420c0 MKBELL4BMOD                      ff82a6c0 ss_20000_neg
ffb41780 MKBELL5BLKS                      ff82a730 ss_20000
ffb42030 MKBELL5BMOD                      ff82bbb0 stop_scrolling
ffb40be0 MKBELL6BLKS                      ff82bd80 scroll_a9
ffb41f10 MKBELL6BMOD                      ff82bfe0 scroll_center
ffb41ec0 MKBELL7BLKS                      ff82c4d0 pit_scroll_proc
ffb42270 MKBELL7BMOD                      ff82d070 pit_scroll_stopped
ffb57e60 MKBRICK2                         ff82d430 background_blast
ffb57dd0 MKBRICK                          ff82f730 dlists_subway_to_street
ffb712a0 MKCOIN_01                        ff82fc50 dlists_bank_to_roof
ffbc3f40 MKCOIN_P                         ff830070 dlists_soul_to_tower
ffbbaad0 MKFIGHT_P                        ff830740 POWERUP
ffb4b0b0 MKPIT1BLKS                       ff830a60 POWERRET
ffb4eab0 MKPIT1BMOD                       ff830a60 warmset
ffb4a9e0 MKPIT2BLKS                       ff830c70 pcmosret
ffb4ea20 MKPIT2BMOD                       ff831170 mainlp
ffb4a950 MKPIT3BLKS                       ff834ad0 last_switch_ram
ffb4e990 MKPIT3BMOD                       ff835170 clscrach
ffb4a840 MKPIT4BLKS                       ff835230 main_init
ffb4e900 MKPIT4BMOD                       ff835680 set_game_volume
ffb52a00 MKSELECTBLKS                     ff835980 wipeout
ffb52c90 MKSELECTBMOD                     ff835c60 g_cred
ffbb9d50 MKTEAM_P                         ff835c70 dipinit
ffb42a30 MKTOWERBLKS                      ff835ef0 initdata
ffb42fc0 MKTOWERBMOD                      ff836490 sysinitl
ffb935f0 MOMIST_P                         ff836550 dirq
ffb2f050 MONO_P                           ff8378e0 joy_begin
ffbb86e0 MOONANI_P                        ff837910 endurance_wake
ffb31580 MORTKOM_P                        ff837b30 switcheroo_wake
ffa3a240 MOSTANCE1                        ff837eb0 joy_proc
ffb92e20 MOTARO_P                         ff838030 joy_entry
ffb43050 MP2HDRS                          ff838480 joy_up
ffb23c20 MP2PALS                          ff838710 joy_down
ffbc5100 MRFLASH_P                        ff8387a0 joy_getup_entry
ffb54dc0 NDHDRS                           ff838b30 do_backup
ffb31cf0 NDPALS                           ff838bc0 do_duck
ffb8b210 NET_P                            ff838fc0 joy_duck_block_loop
ffb39550 NKHDRS                           ff83a3e0 run_setup
ffb17190 NKPALS                           ff83a510 zero_turbo_bar
ffb21bb0 NUALT_P                          ff83a5d0 reduce_turbo_bar
ffb29160 NUDOR_P                          ff83a900 do_flip
ffbb9ab0 NUSTORM_P                        ff83b2a0 stop_me
ffbc1630 OBCUT_P                          ff83b300 set_x_vel
ffbbd530 OBFLA_P                          ff83b800 joystick_in_a0
ffbbd740 OBFLB_P                          ff83b880 check_block_bit
ffa87480 OBSTANCE1                        ff83b9e0 bt_null
ff940140 OIL_P                            ff83bee0 bt_jump
ffb88530 OLTBLU_P                         ff83c0e0 joy_block_loop
ffb19cb0 ORGSKY_P                         ff83e620 get_x_dist
ffbc4530 OSTR_P                           ff83e690 get_y_dist
ffb36560 OULHDRS                          ff83e8a0 get_last_button
ffb13ac0 OULPALS                          ff83ed80 check_winner_status
ffbb8f00 PAPER_P                          ff83ef20 disable_his_buttons
ffb0eed0 PILR3_P                          ff83efd0 disable_all_buttons
ffb2a9a0 PITWAL_P                         ff83f010 enable_all_buttons
ffb29960 PITWK1_P                         ff83f040 stuff_buttons
ffb2b1b0 PITWK2_P                         ff83f1c0 me_in_front
ffbd0800 PLITE_P                          ff83f270 me_in_back
ffbd1290 POLAR_P                          ff83f320 noflip_a2
ffb2e450 PORCEN_P                         ff83f3a0 is_stick_up
ffb2e860 PORGRD_P                         ff83f3d0 is_stick_left
ffb78790 PORK01                           ff83f400 is_stick_toward
ffbba500 PORK_P                           ff83f490 is_stick_away
ffb2ec70 PORSKY_P                         ff83f4f0 is_stick_right
ffb2f460 PORTWLK_P                        ff83f590 is_stick_down
ff830a60 POWERRET                         ff83f610 ochar_begin_calls
ff830740 POWERUP                          ff83fa30 table_o_mods
ffbc5510 PUFF_P                           ff83fd50 skdie1_mod
ffb0f6e0 P_DARK1                          ff8401c0 skdie2_mod
ffbb5080 P_DARK11                         ff840900 buyin_mod
ffbb5cb0 P_DARK3                          ff841280 pit_mod
ffbb60c0 P_DARK6                          ff841880 build_pit_saw
ffbb4b60 P_DARK8                          ff843fa0 bell2_mod
ffbb4f70 P_DLITE                          ff845660 vs_mod
ffb0faf0 P_FPLAT7b                        ff8457c0 psel_mod
ffb10d50 P_FPLATEF                        ff8480d0 tower_mod
ffbb58a0 P_LITE11                         ff849070 street_mod
ffb10530 P_LITE1                          ff84b440 roof_mod
ffb10010 P_LITE3                          ff84cf90 train_proc
ffb0f2d0 P_LITE6                          ff84f460 setup_floor_info
ffbb5490 P_LITE8                          ff84fc70 dlists_bogus
ffb10420 P_LLITE                          ff84fe70 dlists_objlst
ffb0e6b0 P_PILR1a                         ff84ff30 use_next_y
ffbb4950 P_RAILGLM                        ff852a80 bakclr
ffb10940 P_WAL                            ff852e00 dumbgnd
ffb8f9d0 R1MORF_P                         ff8530e0 bgnd_ud1
ffb89d60 R1PAL1_P                         ff8545d0 palset
ffb8a170 R1PAL2_P                         ff854710 transfer_palettes
ffb8a580 R2PAL1_P                         ff8549f0 delpal
ffb8a990 R2PAL2_P                         ff854a70 findpal
ffbd0d70 RADBLU_P                         ff854c00 clrpal
ffbb4840 RAIL_P                           ff854e80 getfpal_nocheck
ffbfb1f0 RBCRUSH4BAR                      ff854eb0 getfpal
ffbc1a40 RBCUT_P                          ff8550d0 getbpal
ffb1cca0 RBEAM2_P                         ff8554d0 freepal
ffb1c8a0 RBEAM_P                          ff8558d0 blowpal
ffbcee30 RBHAMM_P                         ff855a30 prcdsp
ffb8bbb0 RBLOOD_P                         ff855c10 prcslp
ffbce3c0 RBRDFLA_P                        ff855c20 prclsp
ffbce5d0 RBRDFLB_P                        ff855d70 sucide
ff9adfb0 RBSTANCE1                        ff855e90 pinit
ffb23410 RCANDLE_P                        ff856030 kill
ffb8b7a0 RCRUSH_P                         ff8561d0 getprc
ffbafb80 REDQ_P                           ff8563a0 kilall
ff9bf9b0 RFIRE7                           ff856570 existp
ffb62070 ROBOFIRE1                        ff8568d0 random
ffb63170 ROBOFIRE2                        ff856a30 randu
ffb631e0 ROBOFIRE3                        ff856ac0 srand
ffb63250 ROBOFIRE4                        ff856b70 randper
ffb632c0 ROBOFIRE5                        ff856c40 fillarea
ffb63330 ROBOFIRE6                        ff856c70 blnkarea
ffb62100 ROBOFIRE7                        ff856ff0 dmawait
ffb8b590 ROBOMB_P                         ff857070 scrclr
ffb8b3a0 ROBSHKB_P                        ff857180 setpproc
ffb8af70 ROCKET_P                         ff8572b0 clr_scrn
ffb0bd40 ROFWALL_P                        ff857550 stop_a8
ffb49170 RONEHDRS                         ff8575f0 fast_fadeout_jsrp
ffb2b5c0 RONEPALS                         ff8576f0 fadeout_jsrp
ffb1f1d0 ROPE_P                           ff857750 fast_fadein_jsrp
ffb855d0 SABER_P                          ff857930 fadein_white_jsrp
ffbb6ce0 SAW_P                            ff8580f0 fadein_jsrp
ffbc1e50 SBCUT_P                          ff858370 fade_this_pal
ffc9da50 SBENG1A                          ff8588d0 fade_all_sky
ffbbda50 SBFLA_P                          ff858af0 fadeblak
ffbbdc40 SBFLB_P                          ff858c00 fadein
ffb85760 SBGREEN_P                        ff858c60 join_in_fade1
ffb85b70 SBLTBLU_P                        ff858d20 fade_in_fast
ffa5bf30 SBSTANCE1                        ff858db0 fade_all_fast
ffbc3950 SCORE_P                          ff858ed0 fadeout_mercy
ffbd17a0 SCORP_P                          ff858f30 fadeout
ffb30ba0 SEL_BEVP                         ff8591c0 fadeproc
ffb2fd30 SEL_P1P                          ff85a0f0 skydown
ffb30140 SEL_P2P                          ff85a260 skyup
ffb30500 SEL_P3P                          ff85a660 sans_boonpal
ffb30910 SEL_P4P                          ff85a680 all_palettes
ff8082a0 SETUP                            ff85a6a0 show_page_o_the_godz
ffbbe060 SGFLA_P                          ff85b130 show_ending_story
ffbbe260 SGFLB_P                          ff869b80 smoke_page
ffb919f0 SGMORF_P                         ff86c450 do_the_grad_thang
ffbcf420 SHADOW_P                         ff86c850 red_grad_pal
ffbb9f60 SHAEND_P                         ff86ca60 shao_kahn_death_fx
ffbd1680 SHARK_P                          ff870370 mk3_cast_o_characters
ffb0c4e0 SHATWR1_P                        ff872640 mk3_thank_you
ffb0c8e0 SHATWR2_P                        ff874ea0 mk3_design_team
ffbbf9d0 SHAT_P                           ff876660 do_buyin
ffbc2260 SHCUT_P                          ff878550 elminate_buyins
ffa48110 SHDUCKBLOCK1                     ff8793e0 sonya_zap_pal
ffa48150 SHDUCKBLOCK2                     ff8798f0 advance_him
ffa48190 SHDUCKBLOCK3                     ff8799c0 bogus_dlist
ff940240 SHEEBL_P                         ff879a30 back_to_normal
ffb89290 SHOCK_P                          ff879f40 zero_my_p_hit
ffb23fb0 SHOV1_P                          ff879fb0 set_game_state
ffb24690 SHOV2_P                          ff87a050 add_combo_damage
ffa47490 SHSTANCE1                        ff87a0f0 dec_my_p_hit
ffbd3200 SIDESP_P                         ff87a130 dec_his_p_hit
ffbbb100 SKELFIR_P                        ff87a1e0 inc_his_p_hit
ffbbaef0 SKELLS_P                         ff87a2a0 audit_event_check
ffbbce00 SKELRIP_P                        ff87a3a0 randu_minimum
ffbcdae0 SKELSUK2                         ff87a400 lineup_on_a9
ffbb9310 SKFIRE_P                         ff87a4b0 center_around_me
ffb93de0 SKGLOW_P                         ff87a630 start_shadows
ffbb8040 SKNADO_P                         ff87a770 get_his_action
ffb21fc0 SKULPIL4P                        ff87a7c0 get_my_height
ffb223d0 SKULPL_P                         ff87a840 half_x_vel
ffb0dcf0 SKYLN3_P                         ff87aad0 inc_a0_word
ffbc45e0 SMALL_p                          ff87ab10 no_edge_both_players
ffbff860 SMBOMB1A                         ff87abb0 set_his_noedge
ffbc3d60 SMCOIN_P                         ff87ac30 set_half_damage
ffbbcdb0 SMDRIP_P                         ff87aca0 set_noedge
ffb0b110 SMGAR_P                          ff87ad10 clear_bank_bit
ffbc5830 SMLXPLD_P                        ff87ad80 set_bank_bit
ffbcfdc0 SMMCARM_P                        ff87ade0 set_no_block
ffb26ab0 SMTREE_P                         ff87ae40 set_shadow_bit
ffbd14d0 SNAKE_P                          ff87aea0 clear_shadow_bit
ffbce9f0 SNOWMAN_P                        ff87af00 set_noflip
ffb116f0 SOEYES_P                         ff87af60 clear_half_damage
ffb11f10 SOMTH_P                          ff87afc0 clear_noflip
ffbb7900 SONADO_P                         ff87b1a0 set_noscroll
ffb132a0 SOPIL_P                          ff87b200 set_inviso
ffb112e0 SORAM_P                          ff87b280 clear_inviso
ffb11b00 SOSAC_P                          ff87b2e0 slave_viso
ffb12320 SOSDE1_P                         ff87b320 slave_inviso
ffb12730 SOSDE2_P                         ff87b3c0 clear_nocol
ffb136b0 SOTEE_P                          ff87b420 set_nocol
ffb12b40 SOTOPS_P                         ff87b480 set_ignore_y
ffb37370 SOUL1BLKS                        ff87b4e0 clear_ignore_y
ffb39280 SOUL1BMOD                        ff87b540 clear_noscroll
ffb37600 SOUL2BLKS                        ff87b5c0 olist_noscroll
ffb39310 SOUL2BMOD                        ff87b660 wait_for_start
ffb37990 SOUL3BLKS                        ff87b780 wait_for_landing
ffb393a0 SOUL3BMOD                        ff87b8a0 wait_for_his_dog
ffb38b60 SOUL4BLKS                        ff87b970 closest_edge_a5
ffb39430 SOUL4BMOD                        ff87b9d0 get_my_dfe
ffb38d30 SOUL5BLKS                        ff87ba00 get_his_dfe
ffb394c0 SOUL5BMOD                        ff87bb10 no_edge_limits
ffbbb420 SPARKIS_P                        ff87bbb0 edge_pick_a0
ffbd1560 SPIDER_P                         ff87bd60 is_he_blocking
ffcb0530 SPIKE9                           ff87c0b0 is_he_airborn
ffbcdec0 SPIKE_P                          ff87c1c0 am_i_airborn
ffb56f00 STBREAK1                         ff87c200 is_he_joy
ffb56f90 STBREAK2                         ff87c2a0 am_i_joy
ffb57020 STBREAK3                         ff87c300 am_i_facing_him
ffbb4020 STBREAK_P                        ff87c420 is_he_facing_me
ffb52dc0 STEELMODBLKS                     ff87c5c0 am_i_short
ffb52ed0 STEELMODBMOD                     ff87c660 is_he_short
ffbcec00 STOP_P                           ff87c7b0 am_i_close_to_edge
ffb17080 STORM_P                          ff87c8d0 sync_wait_dma_q
ffb20f80 STRAIL_P                         ff87c9d0 freeze_2_pages
ffb17f40 STREET_P                         ff87cc20 page_0_setup
ffb18350 STRLIT_P                         ff87cc70 page_0_setup_no_init
ffbbf400 SUBFLB_P                         ff87ce00 view_page_1
ffbbf1f0 SUBFL_P                          ff87ce40 view_page_0
ffb17b70 SUBSTR_P                         ff87ceb0 reset_proc_stack
ffb34df0 SUBWAY1BLKS                      ff87cef0 clear_p_ram
ffb364d0 SUBWAY1BMOD                      ff87cfe0 double_compare
ffb34c60 SUBWAY2BLKS                      ff87d020 make_solid_object
ffb36440 SUBWAY2BMOD                      ff87d180 solid_object_img
ffb8fde0 SWMORF_P                         ff87d210 set_xy_coordinates
ffb911e0 SYMORF_P                         ff87d2a0 center_obj_x
ffb87af0 SZBLUGR_P                        ff87d2c0 center_about_x
ffb876e0 SZBLU_P                          ff87d330 display_off
ffbc2670 SZCUT_P                          ff87d350 display_on
ffbbbba0 SZICE_P                          ff87d3a0 killfx
ffb8f1d0 SZMORF_P                         ff87d430 unimmune_mpp
ffa96880 SZSTANCE1                        ff87d560 immune_mpp
ffb8b180 TARGET_P                         ff87d650 immune_a0
ffb20b70 TBKWAL_P                         ff87d6d0 unimmune_a0
ffbca070 TBLAST_P                         ff87d750 damage_to_him
ffb227e0 TCEIL1_P                         ff87d800 damage_to_me
ffb23000 TCEIL2_P                         ff87d990 exprc_er
ffb50fa0 TEXT1BLKS                        ff87da60 show_scores
ffb51270 TEXT1BMOD                        ff87da80 dont_show_scores
ffb515d0 TEXT2BLKS                        ff87dad0 get_single_obj
ffb51820 TEXT2BMOD                        ff87dc10 gso_dmawnz_ns_coor
ffb51c20 TEXTBLKS                         ff87dca0 gso_dmawnz_coor
ffb51ef0 TEXTBMOD                         ff87dd10 gso_dmawnz_ns
ffb2a590 THRON1_P                         ff87dd50 gso_dmawnz
ffb29d70 THRON2_P                         ff87dd90 gso_dmawnz_np
ffb5ca30 THRONEWALL                       ff87ddd0 gso_dmacnz
ffb2ada0 THROWA_P                         ff87de10 gbo_dmawnz
ffb58130 TOASTY                           ff87e090 gmo_proc
ffbb74f0 TOASTY_P                         ff87e2f0 multi_dummy_proc
ffb20700 TOWAL_P                          ff87e350 world_a5
ffb1fad0 TOWOOD_P                         ff87e480 screen_a5
ffb27d20 TPLAR1_P                         ff87e5d0 get_screen_coordinates
ffb2a180 TPLAR2_P                         ff87e6e0 get_multi_obj
ffbb4430 TRAIN_P                          ff87e860 object_setup
ffb0e100 TRANAM_P                         ff87ea90 get_char_long
ffbc2a80 TRCUT_P                          ff87eb00 ochar_call
ffbbebb0 TRFLA_P                          ff87eb50 ochar_jump
ffbbedc0 TRFLB_P                          ff87eb80 get_char_word
ffb915e0 TRMORF_P                         ff87ebe0 face_opponent
ffaa5a40 TRSTANCE1                        ff87ed00 is_he_left
ffab3060 TRZOOM3                          ff87ed50 is_he_right
ffab30a0 TRZOOM4                          ff87ee10 distance_from_ground
ffab30e0 TRZOOM5                          ff87ee80 distance_off_ground
ffab3120 TRZOOM6                          ff87eeb0 gravity_ani
ffb8cec0 TSBLU_P                          ff87f460 hit_ground_yet
ffbc2e90 TSCUT_P                          ff87f530 get_his_strength
ffbbe890 TSFLA_P                          ff87f5b0 get_my_strength
ffbbeaa0 TSFLB_P                          ff87f680 get_my_matchw
ffb8cab0 TSKTAN_P                         ff87f750 get_his_matchw
ffb8e7a0 TSRED_P                          ff87f860 lineup_1pwm
ffa6ae70 TSSTANCE1                        ff87fb40 sans_repell_3
ffb8e390 TSYEL_P                          ff87fb60 sans_repell
ff9802f0 TVBPX                            ff87fbc0 back_to_shang_check
ff9801e0 TVBP                             ff880570 delete_slave
ff980680 TVPATCHX                         ff880670 grab_screen
ff980480 TVPATCH                          ff880820 set_all_worldtlx
ffb22bf0 TWALL3P                          ff8809e0 murder_myoinit_score
ffb71b50 TXT_MASTER                       ff880a90 murder_myoinit
ffb71a30 TXT_NOVICE                       ff880af0 murder
ffb71ac0 TXT_WARRIOR                      ff880ba0 insobj2a8
ffb32f30 TYHDRS                           ff880be0 insobja8
ffb0e510 TYPALS                           ff880c20 clear_ram
ffbca280 UGHEAD_P                         ff880f00 fastxfer
ffb58010 UPEVILA                          ff8810f0 dallobj
ffb580a0 UPEVILB                          ff881140 dallprc
ffb97820 VCOPBLU_P                        ff881190 create_and_kill
ffb99010 VCOPGRY_P                        ff8811f0 create_if_gone
ffb98030 VCOPSKN_P                        ff881300 exprc
ffba3470 VINBLU_P                         ff881350 move_object_list
ffba3260 VINGRY_P                         ff881430 delolist
ffba3870 VINSKN_P                         ff881570 delobjp
ffba6280 VJXFLSH_P                        ff8815d0 delobjp2
ffba7670 VJXGRY_P                         ff881690 change_oid_list
ffba7280 VJXPURP_P                        ff881760 kill_ocp
ffb9a220 VKBGRAY_P                        ff881c10 swpal
ffb99220 VKBSKIN_P                        ff881d50 boonpal_stuff
ffb9aa30 VKBTAN_P                         ff882760 zero_table_o_words
ffb9bbf0 VKLGRAY_P                        ff8827c0 zero_table_o_longs
ffb9ac20 VKLSKIN_P                        ff882820 p1p2_pick
ffb9be00 VKLTAN_P                         ff8828a0 get_tsl
ffb9cff0 VLIAGRY_P                        ff8829a0 update_tsl
ffb9d200 VLIAPRP_P                        ff882a50 wait_forever
ffb9bff0 VLIASKN_P                        ff882aa0 wait_forever_wake
ffb9ea10 VLKGRAY_P                        ff882ab0 match_him_with_me_f
ffb9ec20 VLKRED_P                         ff882b60 match_him_with_me
ffb9da10 VLKSKIN_P                        ff882bb0 match_me_with_him
ffb9f840 VRB1GRY_P                        ff882c80 shake_him_up
ffb9f030 VRB1YEL_P                        ff882cf0 shake_a8_up
ffb9fa50 VRB2GRY_P                        ff883020 takeover_him
ffb9fc60 VRB2RED_P                        ff883040 takeover_him_sr
ffba5870 VSHEGRY_P                        ff883260 xfer_otherguy
ffba4870 VSHESKIN_                        ff8832b0 stop_him
ffba5a80 VSHRED_P                         ff883350 adjust_him_x
ffba0450 VSZBLU_P                         ff8833a0 adjust_him_xy
ffba1c60 VSZGRY_P                         ff883460 adjust_him_a0
ffba0c60 VSZSKN_P                         ff8834c0 get_his_dog
ffba2e40 VTSGRY_P                         ff883550 calla_for_him
ffba1e70 VTSKIN_P                         ff8835d0 ground_him
ffba3050 VTSYEL_P                         ff883670 away_x_vel_him
ffb0eac0 WAL4_P                           ff883710 get_his_a11_ani
ffbb9720 WARP_P                           ff8837c0 get_his_char_ani
ffbd15f0 WASP_P                           ff883860 get_his_char_ani2
ffbc3840 WHITE_p                          ff883900 get_his_char_long
ffb1a8e0 WHTBLDG_P                        ff8839a0 get_his_char_word
ffbbc750 WICK_P                           ff883a60 get_curback_mod
ffb565a0 WIDEMODBLKS                      ff883af0 air_dragon
ffb56e70 WIDEMODBMOD                      ff883b70 lower_dragon
ffbb9cc0 WIKS_P                           ff883c40 get_rough_hypotenuse
ffbd1320 WOLF_P                           ff883ce0 a5_front_plus_1
ffbc5620 XPLODZ_P                         ff883d10 a5_back_minus_1
ffb518b0 XTHDRS                           ff883d60 a8_front_plus_1
ffb2fb10 XTPALS                           ff883d90 a8_back_minus_1
ffbbba30 ZAP_P                            ff883de0 slave_in_front
ffb26bc0 ZBRAN_P                          ff883e50 get_ochar_stance1
010b95f8 _man_date                        ff883eb0 ochar_fake_stances
ffb000b0 _read_pic_data                   ff8842f0 find_ani2_part2
010b9618 _serial_number                   ff884330 find_ani_part2
ff883d10 a5_back_minus_1                  ff884360 find_part2
ff883ce0 a5_front_plus_1                  ff884390 find_ani_part_a14
ff883d90 a8_back_minus_1                  ff8843f0 find_part_a14
ff883d60 a8_front_plus_1                  ff884450 find_ani_last_frame
ff8fb1a0 a_badge_spin                     ff884480 find_last_frame
ff9c1ad0 a_earth                          ff8844d0 ani2
ff93ff80 a_pork                           ff8847d0 do_first_a9_frame
ffa2ab90 a_skinny_blood                   ff8848c0 do_next_a9_frame
ff972140 a_small_explode                  ff885430 animate_a9
ff885850 act_mframew                      ff8854d0 animate2_a9
01069b90 active                           ff885570 pose_a9
ff87a050 add_combo_damage                 ff8855f0 pose2_a9
ffabed50 adj_page                         ff8856b0 pose_him_a9
ffac45e0 adjust_credits                   ff885850 act_mframew
ff883460 adjust_him_a0                    ff885870 mframew
ff8833a0 adjust_him_xy                    ff885960 backwards_ani2
ff883350 adjust_him_x                     ff8859d0 backwards_ani
ff886e60 adjust_xy_a5                     ff885b70 animate_a0_frames
ff80e1e0 advance_curback                  ff885e30 init_anirate
ff8798f0 advance_him                      ff885fe0 next_anirate
ff883af0 air_dragon                       ff886110 framew
ff8e9480 air_grab_sleep                   ff886420 frame_a9
ff89e230 air_init_special                 ff8866e0 do_his_next_a9_frame
ff921e40 air_slam_init                    ff886760 pose_him_a0
ff85a680 all_palettes                     ff886880 double_mframew
ff87c1c0 am_i_airborn                     ff886920 double_next_a9
ff87c7b0 am_i_close_to_edge               ff886a20 flip_multi
ff87c300 am_i_facing_him                  ff886ae0 flip_multi_v
ff87c2a0 am_i_joy                         ff886ba0 flip_single
ff87c5c0 am_i_short                       ff886da0 ground_multi
ffabff30 amode_coin_page                  ff886e60 adjust_xy_a5
ff8138c0 amode_demo_game                  ff886ed0 multi_adjust_xy
ff891ca0 amode_init_no_score              ff887000 lineup_a0_onto_a1
ff88a310 amode                            ff887070 match_ani_points
ff89e560 angle_jump_land_jsrp             ff887500 ground_player
ff807aa0 ani                              ff887540 highest_mpart
ff807eb0 ani0                             ff8876b0 lowest_mpart
ff8844d0 ani2                             ff887830 leftmost_mpart
ff807a80 ani_flag                         ff8879a0 rightmost_mpart
ff8854d0 animate2_a9                      ff887b30 display_zipped_pic
ff885b70 animate_a0_frames                ff88a310 amode
ff885430 animate_a9                       ff88b670 story_print
ffaee760 any_but                          ff891ca0 amode_init_no_score
ffabe2d0 aud                              ff892030 gover_amode_entry
ffabe3e0 aud1                             ff8927e0 reaction_exit
ff87a2a0 audit_event_check                ff892a30 switch_close_jumps
ff8f9280 auto_player_select               ff896070 switch_open_jumps
ff912a40 avoid_corner_trap                ff89a210 do_roundhouse
ff89ceb0 away_x_vel                       ff89a230 do_uppercut
ff883670 away_x_vel_him                   ff89a250 do_duck_kickl
ffbaff90 bOX_p                            ff89a270 do_duck_kickh
ffaeff40 b_menu                           ff89a290 do_duck_punch
ff879a30 back_to_normal                   ff89a2b0 do_sweep_kick
ff87fbc0 back_to_shang_check              ff89a2d0 do_lo_kick
ff90e440 back_to_the_fight                ff89a300 do_hi_kick
ff82d430 background_blast                 ff89a390 do_quake
ff8285b0 background                       ff89a410 do_fast_axe_up
ff885960 backwards_ani2                   ff89a430 do_axe_up
ff8859d0 backwards_ani                    ff89a450 do_lia_scream
010b8d40 bad_aud                          ff89ad20 do_unblock_hi
ff8fb0c0 badge_spinner                    ff89af20 do_block_hi
01062e50 bak1bits                         ff89aff0 turn_around
01069250 bak1mods                         ff89b200 duck_turnaround
01063ad0 bak2bits                         ff89b280 ta_speeds
01069270 bak2mods                         ff89b4e0 do_jumpup_punch
01064750 bak3bits                         ff89b640 do_jumpup_kick
01069290 bak3mods                         ff89bb20 do_flip_kick
010653d0 bak4bits                         ff89bf80 do_flip_punch
010692b0 bak4mods                         ff89c990 flight
01066050 bak5bits                         ff89c9a0 flight_call
010692d0 bak5mods                         ff89ceb0 away_x_vel
01066cd0 bak6bits                         ff89cf50 towards_x_vel
010692f0 bak6mods                         ff89d6e0 stick_look_lr
01067950 bak7bits                         ff89da00 previous_q_entry
01069310 bak7mods                         ff89da80 get_bcq_next_pointer
010685d0 bak8bits                         ff89dd10 do_st_2_sonya
01069330 bak8mods                         ff89dd50 do_st_2_ind
ff852a80 bakclr                           ff89ddb0 do_st_2_lia
010627f0 baklst1_t                        ff89de30 do_st_2_tusk
0105dbf0 baklst1                          ff89e230 air_init_special
0105dbd0 baklst2                          ff89e270 init_special_act
010627d0 baklst2_t                        ff89e290 init_special
0105dbb0 baklst3                          ff89e560 angle_jump_land_jsrp
010627b0 baklst3_t                        ff89e740 land_on_yer_feet
01062790 baklst4_t                        ff89e820 jump_up_land_jump
0105db90 baklst4                          ff89e8b0 do_jump_up
0105db70 baklst5                          ff89ea90 jump_up_land_jsrp
01062770 baklst5_t                        ff8a4db0 scom_axe_up
01062750 baklst6_t                        ff8aebd0 do_fatality_1
0105db50 baklst6                          ff8aec60 do_fatality_2
0105db30 baklst7                          ff8b85f0 gravity_ani_ysize
01062730 baklst7_t                        ff8bce10 cutup_correct_pal
0105db10 baklst8                          ff8c4430 death_scream
01062710 baklst8_t                        ff8d02f0 sans_repell_for_good
0105daf0 baklst9                          ff8d0450 init_death_blow
ffa860f0 bar_reducer                      ff8d06e0 death_blow_fader
01062290 battle_num                       ff8d0990 make_db_tone
ffa84fe0 behind_striker                   ff8d0a60 death_blow_complete
ff843fa0 bell2_mod                        ff8d0c20 wfe_him
ff8530e0 bgnd_ud1                         ff8d0d40 do_pit_fatality
ffab7430 binbcd                           ff8d10b0 ochar_mini_stunned
ff807970 bkgsagof                         ff8d1290 ochar_mini_falls
ff856c70 blnkarea                         ff8d4b20 do_friendship
ffaf4570 blnkhelp                         ff8e19e0 do_body_propell
ff917850 block_xfers                      ff8e8570 cyrax_implode
ff8558d0 blowpal                          ff8e9480 air_grab_sleep
ff921960 body_slam_init                   ff8f04d0 join_in_during_psel
ff8799c0 bogus_dlist                      ff8f0690 player_select
ff9cb550 bonus_count                      ff8f2610 ochar_order_mugs
ff881d50 boonpal_stuff                    ff8f4710 psel_cursor_loop
ffbc33a0 boonpal                          ff8f6a50 show_credits
ff97daf0 borrow_ochar_sound               ff8f6ee0 do_ladder
ff960e50 boss_branch                      ff8f9280 auto_player_select
0105c3f0 bpalram                          ff8fb0c0 badge_spinner
01062a40 br_blue                          ff8fb1a0 a_badge_spin
01062a20 br_red                           ff902ff0 r_a10_offset
01062a30 br_white                         ff903090 reaction_table
01062a50 br_yellow                        ff903d80 r_null_speared
ff83bee0 bt_jump                          ff9042e0 r_zoom_flipped
ff83b9e0 bt_null                          ff9046a0 r_pounce2
ff841880 build_pit_saw                    ff904f20 r_bike_kicked_done
ffaca040 burnin                           ff9056a0 net_struggle
ff840900 buyin_mod                        ff905770 r_scream
ffb53640 buyinbotBLKS                     ff90e440 back_to_the_fight
ffb53be0 buyinbotBMOD                     ff910110 combo_sitting_duck
ffb538d0 buyintopBLKS                     ff911d20 r_last_noogy
ffb53c70 buyintopBMOD                     ff912a40 avoid_corner_trap
01062700 c_1p_tries                       ff915590 r_quake
010623f0 c_amode_bio                      ff915e10 r_decoy_freeze
010623e0 c_amodeloop                      ff916980 rhat_wake
01062590 c_block                          ff916aa0 stumble_back_vel
01062610 c_down                           ff917130 update_his_hit_queue
010626d0 c_goro_dummy                     ff917200 inc_p_hit
010625b0 c_hk                             ff917760 get_my_hitq
01062550 c_hp                             ff917850 block_xfers
010626c0 c_kahn_dummy                     ff918d80 get_block_ani_offset
01062630 c_left                           ff9191f0 suspend_wait_action
010625d0 c_lk                             ff919310 suspend_wait_wake
01062570 c_lp                             ff919390 fall_on_my_back
01062650 c_right                          ff919480 reaction_land
01062670 c_run                            ff9195d0 land_on_my_back
010626e0 c_sk_taunt                       ff919710 getup_reaction_exit
010623c0 c_three                          ff91a100 shake_n_sound
010625f0 c_up                             ff91a580 do_air_slam
0105d850 call_every_tick                  ff91a5e0 do_body_slam
ff883550 calla_for_him                    ff91be50 drop_down_land
ffac27d0 cat_a0                           ff91bf80 drop_down_land_jump
ffa868a0 cbox_squeeze                     ff9204d0 do_back_breaker
ffac34f0 ccoin                            ff921960 body_slam_init
0105f470 ceiling_y                        ff921e40 air_slam_init
ff87d2c0 center_about_x                   ff922060 xfer_him_to_flipped_pause
ff87a4b0 center_around_me                 ff922160 flipped_pause
ff87d2a0 center_obj_x                     ff922300 do_stationary
010b8ba0 chan1pri                         ff922780 do_babality
010b8be0 chan2pri                         ff9289d0 scream_wake
010b8c20 chan3pri                         ff929850 xfer_him_to_a10_r
010b8c60 chan4pri                         ff9298f0 retract_strike
010b8ca0 chan5pri                         ff929ad0 hidden_game
ffac7240 change_oid                       ff9321c0 green_grad_pal
ff881690 change_oid_list                  ff9328d0 setup_players
010b9168 char_plot                        ff932aa0 init_p_others
010b91a8 char_score                       ff932bf0 setup_player_1
ff933c10 character_anitabs1               ff932f30 setup_player_2
ff9354b0 character_palettes_1             ff9333e0 make_player_1_obj
ff9356f0 character_palettes_2             ff933590 make_player_2_obj
ff83b880 check_block_bit                  ff933770 get_player_palette
ff98b300 check_hstd_cmos                  ff933b10 get_char_ani2
ff83ed80 check_winner_status              ff933b50 get_char_ani
ffad2460 checkdipfree                     ff933c10 character_anitabs1
ffac30e0 checkfree                        ff934090 stance_setup
ffae1380 circle                           ff934410 get_walk_info_b
ffaeec70 ckdiag                           ff934490 get_walk_info_f
ffabb620 ckdip                            ff934d80 ochar_bank_bit
ffaeeb60 cktest                           ff934e40 player_swpal_a0_image
ff87ad10 clear_bank_bit                   ff934e60 player_swpal
ff813de0 clear_combo_ram                  ff934f10 player_normpal
ff87af60 clear_half_damage                ff9354b0 character_palettes_1
ff87b4e0 clear_ignore_y                   ff9356f0 character_palettes_2
ff87b280 clear_inviso                     ff935930 ground_ochar
ff87b3c0 clear_nocol                      ff935a10 ochar_ground_offsets
ff87afc0 clear_noflip                     ff935b30 death_fade_excludes
ff87b540 clear_noscroll                   ff937810 player_froze_pal
ff87cef0 clear_p_ram                      ff93b430 create_blood_proc
ff880c20 clear_ram                        ff93ff80 a_pork
ff87aea0 clear_shadow_bit                 ff940140 OIL_P
ff97c780 clear_sound_ram                  ff940240 SHEEBL_P
ffac4d80 clear_units                      ff940340 sk_branches
0105f340 clk_ones                         ff9405a0 motaro_branches
0105f330 clk_tens                         ff9465c0 sk_catagory_table
ff9c5110 clock_nums                       ff9484b0 motaro_catagory_table
ff87b970 closest_edge_a5                  ff94c360 drone_begin
ffabe460 clr_aud                          ff94c3a0 drone_proc
ffabe130 clr_audr                         ff94c440 drone_entry
ff8572b0 clr_scrn                         ff94d0d0 d_stalk_a11
ff854c00 clrpal                           ff94f2d0 d_stance_pause
ffb09250 clrtext                          ff94f510 stance_wait_yes
ff835170 clscrach                         ff94f650 stance_wait_no
ffabe510 cmos_val                         ff951580 random_do
ffabf200 cmoslock                         ff9517e0 drone_post_duck_hit
ffabf1c0 cmosunlock                       ff951900 d_wait_nonattack
ffac2f70 coin_mess2                       ff9519c0 d_post_block
ffac0130 coin_page                        ff951c30 d_turnaround
010b8e20 coinflag                         ff951ef0 d_getup
ffac68f0 coinint                          ff9527b0 d_block
ffb53e90 coinmodBLKS                      ff9530d0 d_front_me_a5
ffb541a0 coinmodBMOD                      ff9532f0 q_am_i_a_boss
ffaefa70 col_inst                         ff953310 q_is_he_a_boss
ff982bf0 collapse_on_ground               ff9535f0 q_is_he_airborn
ffacf6f0 colorbar                         ff953620 q_is_he_reacting
01062c60 combo_1                          ff9537f0 is_he_him
01062c70 combo_2                          ff953890 is_towards_me
01062c80 combo_3                          ff9539b0 q_will_he_reach_me
01062c90 combo_4                          ff953bc0 q_is_he_cornered
01062ca0 combo_5                          ff953cc0 q_am_i_cornered
01062cb0 combo_6                          ff953d60 drone_long_jump
ff910110 combo_sitting_duck               ff955b60 d_beware
ffa844b0 combo_strike_table               ff95a9f0 wait_proj_spawn
ffb02a30 concat_string                    ff95ac30 wait_proj_pass
ffacf4b0 conv_plot                        ff95d260 swait_land_jsrp
ffb09310 copy_obj                         ff95fd00 return_to_beware
ffb02b30 copy_rom_string                  ff95fd70 d_land
ffb02cb0 copy_string                      ff95fe10 d_beware_mframew
ff80f390 count_active_players             ff960e50 boss_branch
01062970 counter_copy                     ff960fd0 create_fx
ffae8da0 cpu_ret                          ff972140 a_small_explode
ffac5dd0 cr_contp                         ff976090 sk_shadow_p
ffac5c50 cr_strtp                         ff977480 white_flash
ff881190 create_and_kill                  ff977620 shake_a11
ff93b430 create_blood_proc                ff979880 group_sound
ff960fd0 create_fx                        ff979a60 his_group_sound
ff8811f0 create_if_gone                   ff97ae50 rsnd_enemy_boom
ff8279e0 create_proj_proc                 ff97aee0 rsnd_sk_bonus_win
ffac5060 cred_p                           ff97afb0 rsnd_splish
ffac3030 cred_string                      ff97b040 rsnd_stab
0000003d cs_ents                          ff97b0f0 rsnd_footstep
01062210 curback                          ff97b1a0 rsnd_big_block
ff8bce10 cutup_correct_pal                ff97b210 rsnd_small_block
ff8e8570 cyrax_implode                    ff97b280 rsnd_smack
ffb863f0 dROP_p                           ff97b2f0 rsnd_med_smack
ff955b60 d_beware                         ff97b380 rsnd_klang
ff95fe10 d_beware_mframew                 ff97b3f0 rsnd_big_smack
ff9527b0 d_block                          ff97b460 rsnd_rocks
ff9530d0 d_front_me_a5                    ff97b530 sweep_sounds
ff951ef0 d_getup                          ff97b580 rsnd_body_hit
ff95fd70 d_land                           ff97b5f0 rsnd_ground
ff9519c0 d_post_block                     ff97b6a0 rsnd_whoosh
ff94d0d0 d_stalk_a11                      ff97b750 rsnd_big_whoosh
ff94f2d0 d_stance_pause                   ff97b900 triple_sound
ff951c30 d_turnaround                     ff97c6e0 nosounds
ff951900 d_wait_nonattack                 ff97c780 clear_sound_ram
ff8810f0 dallobj                          ff97ccd0 soundup
ff881140 dallprc                          ff97d3c0 send_code_a3
ffc005f0 damage_s                         ff97d600 sndres
ff87d750 damage_to_him                    ff97d720 sndresp
ff87d800 damage_to_me                     ff97d760 hob_ochar_sound
01062dc0 dark_dlist                       ff97d7a0 hit_or_blocked_sound
ff984f10 dave_small_font                  ff97d8a0 ochar_sound
ff9850f0 dave_small_numbers               ff97d970 his_ochar_sound
ff980680 db1_table                        ff97da60 rsnd_ochar_sound
ff980680 db2_table                        ff97daf0 borrow_ochar_sound
ffac3570 dbvcoin                          ff97f310 seccall2
ffb51f80 dderHDRS                         ff97f3b0 split_screen_line
ffb2fcb0 dderPALS                         ff97f590 debug_grid
ff8d0a60 death_blow_complete              ff97f9c0 system_lockup
ff8d06e0 death_blow_fader                 ff97fad0 security
ff935b30 death_fade_excludes              ff9800e0 illegal_opcode
ff8c4430 death_scream                     ff980160 errort
010629e0 debug2                           ff9801e0 TVBP
01062a00 debug3                           ff9802f0 TVBPX
ff97f590 debug_grid                       ff980480 TVPATCH
ff87a130 dec_his_p_hit                    ff980680 TVPATCHX
ff87a0f0 dec_my_p_hit                     ff980680 db2_table
ffb02400 dec_to_asc                       ff980680 db1_table
ffabedf0 def_page                         ff9807f0 finish_him
ff827680 delete_proj_and_die              ff980a80 new_endurance_guy
ff880570 delete_slave                     ff9811f0 dizzy_wake
ff807380 delobj2                          ff9815d0 endurance_trans
ff807320 delobj3                          ff981710 player_1_wins
ff8073e0 delobj_lista4                    ff981730 player_2_wins
ff881570 delobjp                          ff9817f0 psel_victory_animation
ff8815d0 delobjp2                         ff9818c0 victory_animation
ff807410 delobj                           ff9819b0 ending_victory_animation
ff881430 delolist                         ff982290 lia_victory
ff8549f0 delpal                           ff982bf0 collapse_on_ground
ffae5e70 diag_colors                      ff983090 p15_centered
ffae5c00 diag_myoinit                     ff983160 p7_centered
ffae4520 diag                             ff983230 pds_centered
ffae46e0 diag_jump                        ff983290 pds_right
ffaca210 diagcputest                      ff9832f0 pds_left
ffb096c0 dict_lookup                      ff9837d0 rd7font
01062220 diff                             ff984370 rd15font
ffae5a10 digsrt                           ff984550 font15_nums
ffcf3af0 dipcointab                       ff984f10 dave_small_font
ff835c70 dipinit                          ff9850f0 dave_small_numbers
ffacfba0 diptest                          ff985ab0 menu_initials
ff836550 dirq                             ff985d40 enter_initials
ff83efd0 disable_all_buttons              ff988fd0 print_rankings
ff83ef20 disable_his_buttons              ff98a850 does_a0_cut_it
ff87d330 display_off                      ff98b300 check_hstd_cmos
ff87d350 display_on                       ff98b3a0 fs_inits
ff887b30 display_zipped_pic               ff98c240 vs_or_ladder
ff8049b0 display                          ff98f700 swat_pieces
0105d820 displayon                        ff98f7c0 swat_pieces_end
ff87ee10 distance_from_ground             ff993350 setup_direction
ff87ee80 distance_off_ground              ff9933e0 symbol_table
ff9811f0 dizzy_wake                       ff999400 do_animality
ff82fc50 dlists_bank_to_roof              ff9a7a40 do_knee
0105d830 dlists                           ff9a7da0 do_elbow
ff84fc70 dlists_bogus                     ff9ac420 repell
ff84fe70 dlists_objlst                    ff9ad270 robo_anitab1
ff830070 dlists_soul_to_tower             ff9ada90 robo_anitab2
ff82f730 dlists_subway_to_street          ff9adfb0 RBSTANCE1
ff8045d0 dma_interupt                     ff9bf9b0 RFIRE7
ff808290 dman                             ff9c1ad0 a_earth
ff856ff0 dmawait                          ff9c21f0 setup_score_ram
ff8284a0 do_a11_background                ff9c31c0 update_win_counters
ffabc020 do_adjh                          ff9c39a0 update_clock_ones
ff91a580 do_air_slam                      ff9c39e0 update_clock_tens
ff999400 do_animality                     ff9c45b0 score_nums_tbl
ff89a430 do_axe_up                        ff9c46f0 update_knotches
ff922780 do_babality                      ff9c4990 update_pmsg
ff9204d0 do_back_breaker                  ff9c5110 clock_nums
ff838b30 do_backup                        ff9c5250 qwerty
ff89af20 do_block_hi                      ff9c54c0 recharge_bars
ff8e19e0 do_body_propell                  ff9c5680 position_p2_bar
ff91a5e0 do_body_slam                     ff9c57f0 refresh_score
ff876660 do_buyin                         ff9c58f0 mk_ladder
ff89a270 do_duck_kickh                    ff9cb550 bonus_count
ff838bc0 do_duck                          ff9cc700 get_winner_ochar
ff89a250 do_duck_kickl                    ff9cc7d0 play_ending_chord
ff89a290 do_duck_punch                    ff9cc960 get_winner_text
ff9a7da0 do_elbow                         ff9cda70 mk3_bio
ff89a410 do_fast_axe_up                   ff9cdfc0 page_0_zip_setup
ff8aebd0 do_fatality_1                    ff9d66c0 ind_anitab1
ff8aec60 do_fatality_2                    ff9d6ee0 ind_anitab2
ff8847d0 do_first_a9_frame                ff9d7160 INSTANCE1
ff89bb20 do_flip_kick                     ff9ea7e0 jax_anitab1
ff83a900 do_flip                          ff9eb000 jax_anitab2
ff89bf80 do_flip_punch                    ff9eb220 JXSTANCE1
ff8d4b20 do_friendship                    ff9fa090 kano_anitab1
ff89a300 do_hi_kick                       ff9fa8b0 kano_anitab2
ff8866e0 do_his_next_a9_frame             ff9faa90 KNSTANCE1
ff89e8b0 do_jump_up                       ff9ffd90 KNBROKEN1
ff89b640 do_jumpup_kick                   ffa07f70 lao_anitab1
ff89b4e0 do_jumpup_punch                  ffa08790 lao_anitab2
ff9a7a40 do_knee                          ffa089d0 KLSTANCE1
ff8f6ee0 do_ladder                        ffa157d0 ochar_cutups
ff89a450 do_lia_scream                    ffa161d0 ochar_half_bodies
ff89a2d0 do_lo_kick                       ffa17190 lia_anitab1
ff8848c0 do_next_a9_frame                 ffa179b0 lia_anitab2
ff8d0d40 do_pit_fatality                  ffa17c70 LIASTANCE1
ff89a390 do_quake                         ffa26930 ochar_ripped_anis
ffa41e40 do_round_jsrps                   ffa2ab90 a_skinny_blood
ff89a210 do_roundhouse                    ffa2bdb0 lk_anitab1
ff89dd50 do_st_2_ind                      ffa2c5d0 lk_anitab2
ff89ddb0 do_st_2_lia                      ffa2c8f0 LUSTANCE1
ff89dd10 do_st_2_sonya                    ffa39a30 mot_anitab1
ff89de30 do_st_2_tusk                     ffa39ef0 mot_anitab2
ff922300 do_stationary                    ffa3a240 MOSTANCE1
ff89a2b0 do_sweep_kick                    ffa41e40 do_round_jsrps
ff86c450 do_the_grad_thang                ffa45c00 lights_on_hit
ff89ad20 do_unblock_hi                    ffa45c90 lights_on_slam
ff89a230 do_uppercut                      ffa46a30 sg_anitab1
ff8148b0 do_zap                           ffa47250 sg_anitab2
ff98a850 does_a0_cut_it                   ffa47490 SHSTANCE1
ff87da80 dont_show_scores                 ffa48110 SHDUCKBLOCK1
ff87cfe0 double_compare                   ffa48150 SHDUCKBLOCK2
ff886880 double_mframew                   ffa48190 SHDUCKBLOCK3
ff886920 double_next_a9                   ffa54950 sk_anitab1
c0000090 dpystrt                          ffa54950 sk_anitab2
ff94c360 drone_begin                      ffa55190 BGSTANCE1
ff94c440 drone_entry                      ffa5b510 sonya_anitab1
ff953d60 drone_long_jump                  ffa5bd30 sonya_anitab2
ff9517e0 drone_post_duck_hit              ffa5bf30 SBSTANCE1
ff94c3a0 drone_proc                       ffa6a250 st_anitab1
ff91bf80 drop_down_land_jump              ffa6aa70 st_anitab2
ff91be50 drop_down_land                   ffa6ae70 TSSTANCE1
ffae1c90 dscrclr                          ffa7a3f0 get_char_stk
ff89b200 duck_turnaround                  ffa844b0 combo_strike_table
ff852e00 dumbgnd                          ffa84f80 upcut_striker
ffae3df0 duxpal                           ffa84fe0 behind_striker
01062a90 dv_hangout                       ffa85100 striker
ffcfc550 edata                            ffa85330 strike_check_box
ff87bbb0 edge_pick_a0                     ffa854e0 strike_check
ff878550 elminate_buyins                  ffa85500 strike_check_a0_test
ff83f010 enable_all_buttons               ffa85520 strike_check_a0
[...]
ff8879a0 rightmost_mpart                  ffb8e390 TSYEL_P
ff9ad270 robo_anitab1                     ffb8e7a0 TSRED_P
ff9ada90 robo_anitab2                     ffb8ebb0 FIRE_P
ff824000 robo_close_chest                 ffb8efc0 GLOW_P
ff823f10 robo_open_chest                  ffb8f1d0 SZMORF_P
ffbc4420 robo_p                           ffb8f5e0 LIMORF_P
ffaf6900 rom_name                         ffb8f9d0 R1MORF_P
ff84b440 roof_mod                         ffb8fde0 SWMORF_P
01062ab0 round_1_jsrp                     ffb901f0 KLMORF_P
01062ac0 round_23_jsrp                    ffb905d0 KAMORF_P
ff8113f0 round_init                       ffb909e0 JXMORF_P
ff8096d0 round_loop                       ffb90df0 INMORF_P
01062240 round_num                        ffb911e0 SYMORF_P
01062c60 round_zero_end                   ffb915e0 TRMORF_P
01062af0 round_zero                       ffb919f0 SGMORF_P
ff97b1a0 rsnd_big_block                   ffb91df0 LKMORF_P
ff97b3f0 rsnd_big_smack                   ffb92200 LKRED_P
ff97b750 rsnd_big_whoosh                  ffb92610 LKYELO_P
ff97b580 rsnd_body_hit                    ffb92a20 DRAGFIR_P
ff97ae50 rsnd_enemy_boom                  ffb92e20 MOTARO_P
ff97b0f0 rsnd_footstep                    ffb93220 BLAST_P
ff97b5f0 rsnd_ground                      ffb935f0 MOMIST_P
ff97b380 rsnd_klang                       ffb939d0 BGPAL1_P
ff97b2f0 rsnd_med_smack                   ffb93de0 SKGLOW_P
ff97da60 rsnd_ochar_sound                 ffb93ee0 KANPRO_P
ff97b460 rsnd_rocks                       ffb940e0 BGSON1_P
ff97aee0 rsnd_sk_bonus_win                ffb950e0 BGSON2_P
ff97b280 rsnd_smack                       ffb958d0 BGSON3_P
ff97b210 rsnd_small_block                 ffb95ad0 BGKANO1_P
ff97afb0 rsnd_splish                      ffb96ac0 BGKANO2_P
ff97b040 rsnd_stab                        ffb972c0 BGKANO3_P
ff97b6a0 rsnd_whoosh                      ffb974c0 BGKANO4_P
ff83a3e0 run_setup                        ffb97820 VCOPBLU_P
ff85a660 sans_boonpal                     ffb98030 VCOPSKN_P
ff87fb40 sans_repell_3                    ffb99010 VCOPGRY_P
ff8d02f0 sans_repell_for_good             ffb99220 VKBSKIN_P
ff87fb60 sans_repell                      ffb9a220 VKBGRAY_P
ffb85f80 sbENG_p                          ffb9aa30 VKBTAN_P
ffb86390 sbzap_p                          ffb9ac20 VKLSKIN_P
ffac3150 scoin                            ffb9bbf0 VKLGRAY_P
ff8a4db0 scom_axe_up                      ffb9be00 VKLTAN_P
0105f2f0 score_1st                        ffb9bff0 VLIASKN_P
ff9c45b0 score_nums_tbl                   ffb9cff0 VLIAGRY_P
0105f2f0 score_ram_end                    ffb9d200 VLIAPRP_P
ff857070 scrclr                           ffb9da10 VLKSKIN_P
ff9289d0 scream_wake                      ffb9ea10 VLKGRAY_P
ff87e480 screen_a5                        ffb9ec20 VLKRED_P
01060900 scrnlr                           ffb9f030 VRB1YEL_P
01060940 scrnlr2                          ffb9f840 VRB1GRY_P
01060920 scrntl2                          ffb9fa50 VRB2GRY_P
010608e0 scrntl                           ffb9fc60 VRB2RED_P
ff82bd80 scroll_a9                        ffba0450 VSZBLU_P
ff82bfe0 scroll_center                    ffba0c60 VSZSKN_P
ff8293a0 scroller                         ffba1c60 VSZGRY_P
0105d990 scrollx1                         ffba1e70 VTSKIN_P
0105d970 scrollx2                         ffba2e40 VTSGRY_P
0105d950 scrollx3                         ffba3050 VTSYEL_P
0105d930 scrollx4                         ffba3260 VINGRY_P
0105d910 scrollx5                         ffba3470 VINBLU_P
0105d9b0 scrollx                          ffba3870 VINSKN_P
0105d8f0 scrollx6                         ffba4870 VSHESKIN_
0105d8d0 scrollx7                         ffba5870 VSHEGRY_P
0105d8b0 scrollx8                         ffba5a80 VSHRED_P
0105d870 scrolly                          ffba6280 VJXFLSH_P
0105f4a0 scrtab                           ffba7280 VJXPURP_P
ff805dc0 scrtst                           ffba7670 VJXGRY_P
ff97f310 seccall2                         ffba7a80 HDSHAG_P
ff97fad0 security                         ffba8290 HDSUBZ_P
ff97d3c0 send_code_a3                     ffba8aa0 HDSWAT_P
ff880820 set_all_worldtlx                 ffba92b0 HDBRDE_P
ff87ad80 set_bank_bit                     ffba9ac0 HDJAX_P
ffabb6a0 set_coin_adj                     ffbaa2d0 HDLAO_P
ff879fb0 set_game_state                   ffbaaae0 HDSOYN_P
ff835680 set_game_volume                  ffbab2f0 HDKANO_P
ff87ac30 set_half_damage                  ffbabb00 HDMUST_P
ff87abb0 set_his_noedge                   ffbac310 HDKANG_P
ff87b480 set_ignore_y                     ffbacb20 HDGORO_P
ff87b200 set_inviso                       ffbad330 HDINDY_P
ff87ade0 set_no_block                     ffbadb40 HDKETC_P
ff87b420 set_nocol                        ffbae350 HDSAND_P
ff87aca0 set_noedge                       ffbaeb60 HDMOTA_P
ff87af00 set_noflip                       ffbaf370 HDSHAO_P
ff87b1a0 set_noscroll                     ffbafb80 REDQ_P
ffae3ea0 set_page                         ffbaff90 bOX_p
ff827830 set_proj_vel                     ffbb0f90 BOX1_P
ff87ae40 set_shadow_bit                   ffbb1150 BATTLE_P
ff83b300 set_x_vel                        ffbb1360 mKlIGHT_p
ff87d210 set_xy_coordinates               ffbb1570 IDRAG_P
ff857180 setpproc                         ffbb1930 IGORO_P
ff993350 setup_direction                  ffbb1cd0 ILIGHT_P
ff84f460 setup_floor_info                 ffbb20e0 IMK_P
ff932bf0 setup_player_1                   ffbb24f0 IQ_P
ff932f30 setup_player_2                   ffbb28f0 IRAID_P
ff9328d0 setup_players                    ffbb2d00 IKAHN_P
ff9c21f0 setup_score_ram                  ffbb30d0 ISKULL_P
ffa46a30 sg_anitab1                       ffbb3470 ITHREE_P
ffa47250 sg_anitab2                       ffbb3830 IYIN_P
ff977620 shake_a11                        ffbb3c20 BURNVS_P
ff882cf0 shake_a8_up                      ffbb4020 STBREAK_P
ff882c80 shake_him_up                     ffbb4430 TRAIN_P
ff91a100 shake_n_sound                    ffbb4840 RAIL_P
ff86ca60 shao_kahn_death_fx               ffbb4950 P_RAILGLM
ffbd4330 shipp1                           ffbb4b60 P_DARK8
ff8f6a50 show_credits                     ffbb4f70 P_DLITE
ff85b130 show_ending_story                ffbb5080 P_DARK11
ff85a6a0 show_page_o_the_godz             ffbb5490 P_LITE8
ff87da60 show_scores                      ffbb58a0 P_LITE11
ffa54950 sk_anitab1                       ffbb5cb0 P_DARK3
ffa54950 sk_anitab2                       ffbb60c0 P_DARK6
ff940340 sk_branches                      ffbb64d0 LADBRK_P
ff9465c0 sk_catagory_table                ffbb68d0 DRILL_P
ff976090 sk_shadow_p                      ffbb6ce0 SAW_P
ff83fd50 skdie1_mod                       ffbb70f0 LADGND_P
ff8401c0 skdie2_mod                       ffbb74f0 TOASTY_P
0105f400 skew_calla                       ffbb7900 SONADO_P
0105f3e0 skew_constpal                    ffbb7d10 BELHOLE_P
0105f370 skew_dx                          ffbb8040 SKNADO_P
0105f3c0 skew_height                      ffbb80d0 BALFIR2_P
0105f390 skew_oc                          ffbb82d0 BURN_P
ff800160 skew_rets                        ffbb86e0 MOONANI_P
0105f420 skew_sag                         ffbb8af0 GRAVES_P
01062a60 skew_scale                       ffbb8f00 PAPER_P
0105f440 skew_scroll                      ffbb9310 SKFIRE_P
0105f3d0 skew_stack                       ffbb9720 WARP_P
0105f3b0 skew_y                           ffbb9ab0 NUSTORM_P
ffb23810 skulpil_p                        ffbb9cc0 WIKS_P
ff85a0f0 skydown                          ffbb9d50 MKTEAM_P
ff85a260 skyup                            ffbb9f60 SHAEND_P
ffac70c0 slam                             ffbb9ff0 BLOOD_P
ff883de0 slave_in_front                   ffbba0f0 BPRTS_P
ff87b320 slave_inviso                     ffbba500 PORK_P
ff87b2e0 slave_viso                       ffbba900 BOTA_P
ff869b80 smoke_page                       ffbbaad0 MKFIGHT_P
ff97d600 sndres                           ffbbace0 FITEYEL_P
ff97d720 sndresp                          ffbbaef0 SKELLS_P
ff87d180 solid_object_img                 ffbbb100 SKELFIR_P
ffa5b510 sonya_anitab1                    ffbbb310 LASEREY_P
ffa5bd30 sonya_anitab2                    ffbbb420 SPARKIS_P
ff8793e0 sonya_zap_pal                    ffbbb830 KISSORB_P
ff97ccd0 soundup                          ffbbba30 ZAP_P
ff97f3b0 split_screen_line                ffbbbb40 LIGHTNG_P
ff856ac0 srand                            ffbbbba0 SZICE_P
ff82a730 ss_20000                         ffbbbf30 ICEBLOW_P
ff82a6c0 ss_20000_neg                     ffbbc340 HUGE_P
ffa6a250 st_anitab1                       ffbbc750 WICK_P
ffa6aa70 st_anitab2                       ffbbc820 DYNO_P
ffaf2050 st_stick                         ffbbc9a0 BUZZER
ff934090 stance_setup                     ffbbcdb0 SMDRIP_P
ff94f650 stance_wait_no                   ffbbce00 SKELRIP_P
ff94f510 stance_wait_yes                  ffbbd210 LAOFLA_P
ff8092c0 start_a_game                     ffbbd420 KUFLB_P
ff87a630 start_shadows                    ffbbd530 OBFLA_P
ffaf4350 std_bord                         ffbbd740 OBFLB_P
ff89d6e0 stick_look_lr                    ffbbd840 LIAFLA_P
ff857550 stop_a8                          ffbbda50 SBFLA_P
ff8832b0 stop_him                         ffbbdc40 SBFLB_P
ff83b2a0 stop_me                          ffbbdd50 KANOFLA_P
ff82bbb0 stop_scrolling                   ffbbdf50 KANOFLB_P
ffabe030 store_audit                      ffbbe060 SGFLA_P
ff88b670 story_print                      ffbbe260 SGFLB_P
ffac2890 strcat                           ffbbe370 JAXFLA_P
ffb042d0 strcnrmo_scr                     ffbbe570 JAXFLB_P
ffb03eb0 strcnrm                          ffbbe680 LUFLA_P
ffb041f0 strcnrmos_scr                    ffbbe890 TSFLA_P
ffb043b0 strcnrmos                        ffbbeaa0 TSFLB_P
ffb04030 strcnrmo                         ffbbebb0 TRFLA_P
ffb04420 strcnrms                         ffbbedc0 TRFLB_P
ffb3d4d0 street1BLKS                      ffbbeed0 INFLA_P
ffb3e290 street1BMOD                      ffbbf0e0 INDFLB_P
ffb3dc60 street2BLKS                      ffbbf1f0 SUBFL_P
ffb3e320 street2BMOD                      ffbbf400 SUBFLB_P
ffb3cdc0 street3BLKS                      ffbbf510 DISPLAY_P
ffb3e200 street3BMOD                      ffbbf5c0 LAOTOP_P
ffb3cc30 street4BLKS                      ffbbf9d0 SHAT_P
ffb3e170 street4BMOD                      ffbbfde0 INCUT_P
ff849070 street_mod                       ffbc01f0 JXCUT_P
ffa85520 strike_check_a0                  ffbc0600 KLCUT_P
ffa854e0 strike_check                     ffbc0a10 KNCUT_P
ffa85500 strike_check_a0_test             ffbc0e20 LICUT_P
ffa85330 strike_check_box                 ffbc1220 LUCUT_P
ffa85100 striker                          ffbc1630 OBCUT_P
010baf28 string1                          ffbc1a40 RBCUT_P
010baf48 string2                          ffbc1e50 SBCUT_P
ffae0eb0 string                           ffbc2260 SHCUT_P
010baf68 string3                          ffbc2670 SZCUT_P
010baf88 string_shadow                    ffbc2a80 TRCUT_P
ffae11a0 stringcenter                     ffbc2e90 TSCUT_P
ffb05d90 stringf                          ffbc3290 CRACKP_P
010b9f78 stringf_ram                      ffbc33a0 boonpal
ffb04260 strlnrmo_scr                     ffbc37b0 DROPS
ffb04110 strlnrmos_scr                    ffbc3840 WHITE_p
ffb040a0 strlnrms                         ffbc3950 SCORE_P
ffb03e60 strlnrm                          ffbc3d60 SMCOIN_P
ffb03f50 strlnrmo                         ffbc3f40 MKCOIN_P
ffb07e30 strnglen                         ffbc4340 DEFENDER
010b9d98 strngram                         ffbc4420 robo_p
ffb04340 strrnrmo_scr                     ffbc4530 OSTR_P
ffb03f00 strrnrm                          ffbc45e0 SMALL_p
ffb04180 strrnrmos_scr                    ffbc47e0 MEDIUM_p
ffb03fc0 strrnrmo                         ffbc49f0 FATAL_P
ffb04490 strrnrms                         ffbc4c00 fatalb_p
ff83f040 stuff_buttons                    ffbc4cf0 MERCY_P
ff916aa0 stumble_back_vel                 ffbc5100 MRFLASH_P
ff855d70 sucide                           ffbc5510 PUFF_P
ff9191f0 suspend_wait_action              ffbc5620 XPLODZ_P
ff919310 suspend_wait_wake                ffbc5830 SMLXPLD_P
ff95d260 swait_land_jsrp                  ffbc5a40 FXFIRE_P
ffa86aa0 swat_anitab1                     ffbc5c50 BODY_P
ffa872c0 swat_anitab2                     ffbc6060 BONE_P
ff98f700 swat_pieces                      ffbc6470 CAGE_P
ff98f7c0 swat_pieces_end                  ffbc6880 GBODY_P
ff97b530 sweep_sounds                     ffbc6c90 BLDXPD_P
ff892a30 switch_close_jumps               ffbc6d80 EGOLD_P
ff896070 switch_open_jumps                ffbc7190 EMAG_P
ff837b30 switcheroo_wake                  ffbc75a0 EBLUE_P
ffad2ea0 switchtest                       ffbc79b0 EGREEN_P
ff881c10 swpal                            ffbc7dc0 ERED_P
0105b970 swstack                          ffbc81d0 BABY1_P
0105ba10 swstmn                           ffbc83c0 BABY2_P
0105bb10 swstst                           ffbc85d0 BABY3_P
0105b990 swtemp1                          ffbc87e0 BABY4_P
0105b9b0 swtemp2                          ffbc89f0 BABY5_P
0105b9d0 swtemp3                          ffbc8c00 BABY6_P
0105b9f0 swtemp4                          ffbc8df0 BABY7_P
ff9933e0 symbol_table                     ffbc9000 BABY8_P
ff87c8d0 sync_wait_dma_q                  ffbc9210 BABY9_P
0105bb10 syscopy                          ffbc9420 BABY11_P
ffae2860 sysfont                          ffbc9630 BABY12_P
ff836490 sysinitl                         ffbc9830 BABY13_P
ff97f9c0 system_lockup                    ffbc9a40 BABY10P
ffa95e00 sz_anitab1                       ffbc9c50 BABY9B_P
ffa96620 sz_anitab2                       ffbc9e60 BABY9C_P
ff89b280 ta_speeds                        ffbca070 TBLAST_P
ff83fa30 table_o_mods                     ffbca280 UGHEAD_P
ff883040 takeover_him_sr                  ffbca690 BHRDROB_P
ff883020 takeover_him                     ffbcaaa0 BHJAX_P
ffabb580 tamperedp                        ffbcaeb0 BHINDIA_P
ffb45310 temple0BLKS                      ffbcb2b0 BHKANO_P
ffb45820 temple0BMOD                      ffbcb6b0 BHLIU_P
ffb444e0 temple1BLKS                      ffbcbab0 BHSZERO_P
ffb45670 temple1BMOD                      ffbcbeb0 BHTUSK_P
ffb449f0 temple2BLKS                      ffbcc2c0 BHLIA_P
ffb45700 temple2BMOD                      ffbcc6d0 BHSWAT_P
ffb44b40 temple3BLKS                      ffbccae0 BHTSANG_P
ffb45790 temple3BMOD                      ffbccef0 BHLAO_P
ffb43cd0 temple4BLKS                      ffbcd300 BHBLADE_P
ffb455e0 temple4BMOD                      ffbcd6f0 BHSHGOR_P
ffb21390 tempruf_p                        ffbcdae0 SKELSUK2
0105d800 tick                             ffbcdec0 SPIKE_P
ffac6570 timeint                          ffbcdfb0 LUFIRE_P
01069bd0 timer                            ffbce3c0 RBRDFLA_P
ffaef4f0 top_box                          ffbce5d0 RBRDFLB_P
ff89cf50 towards_x_vel                    ffbce6e0 BUBBLE_P
ff8480d0 tower_mod                        ffbce7f0 INAXE_P
ff84cf90 train_proc                       ffbce9f0 SNOWMAN_P
ff854710 transfer_palettes                ffbcec00 STOP_P
ff97b900 triple_sound                     ffbced10 FUTBALL2
ff89aff0 turn_around                      ffbcee30 RBHAMM_P
ffaa4fa0 tusk_anitab1                     ffbcf220 CAMPFYR_P
ffaa57c0 tusk_anitab2                     ffbcf420 SHADOW_P
ff87d6d0 unimmune_a0                      ffbcf580 FETCH_P
ff87d430 unimmune_mpp                     ffbcf790 LAODOG_P
ffa84f80 upcut_striker                    ffbcf820 BIGHORN_P
ff9c39a0 update_clock_ones                ffbcfc00 CUM_P
ff9c39e0 update_clock_tens                ffbcfdc0 SMMCARM_P
ff917130 update_his_hit_queue             ffbcffd0 EARTH01P
ff9c46f0 update_knotches                  ffbd01e0 EARTH02P
ff9c4990 update_pmsg                      ffbd05f0 EARTH03P
ff8829a0 update_tsl                       ffbd0800 PLITE_P
ff9c31c0 update_win_counters              ffbd0a10 ELEC_P
ffcf3f78 usa_1                            ffbd0d70 RADBLU_P
ffcf3fb0 usa_2                            ffbd1180 HAWK_P
ffcf3fe0 usa_3                            ffbd1200 LION_P
ffcf4010 usa_4                            ffbd1290 POLAR_P
ffcf4170 usa_electitle                    ffbd1320 WOLF_P
ff84ff30 use_next_y                       ffbd13b0 CHEETAH_P
ff9818c0 victory_animation                ffbd1440 BAT_P
ff87ce40 view_page_0                      ffbd14d0 SNAKE_P
ff87ce00 view_page_1                      ffbd1560 SPIDER_P
ff845660 vs_mod                           ffbd15f0 WASP_P
ff98c240 vs_or_ladder                     ffbd1680 SHARK_P
ffaee7e0 wait_but                         ffbd1710 DRAGON_P
ff87b8a0 wait_for_his_dog                 ffbd17a0 SCORP_P
ff87b780 wait_for_landing                 ffbd1830 DINO_P
ff87b660 wait_for_start                   ffbd18c0 BULL_P
ff882a50 wait_forever                     ffbd1950 HORSE_P
ff882aa0 wait_forever_wake                ffbd19e0 DANGER_p
ff95ac30 wait_proj_pass                   ffbd1af0 FRIEN_P
ff95a9f0 wait_proj_spawn                  ffbd1e70 DSHIP_P
ff830a60 warmset                          ffbd2280 BABYB_P
ffae42b0 wc_bytei                         ffbd2490 BABYA_P
ffae3f00 wc_byte                          ffbd26a0 BABYL_P
ffae4410 wc_long                          ffbd2890 BABYI_P
ffae44d0 wc_longi                         ffbd2a70 BABYT_P
ffae43c0 wc_wordi                         ffbd2c20 BABYY_P
ffae4300 wc_word                          ffbd2e00 ANIMAL_P
ff8d0c20 wfe_him                          ffbd3200 SIDESP_P
ff977480 white_flash                      ffbd3610 MK1GAME_P
01062250 winner_status                    ffbd3a10 MK2GAME_P
ff8103e0 winner_tunes                     ffbd3e20 DUMMY_P
ff835980 wipeout                          ffbd4230 expldp3
ffaefd90 wolf                             ffbd4330 shipp1
ff87e350 world_a5                         ffbd4430 enemyp
0105dab0 worldtlx1                        ffbd6000 BIGFONT_1
01062930 worldtlx1_t                      ffbd6090 BIGFONT_2
0105da90 worldtlx2                        ffbfb1f0 RBCRUSH4BAR
01062910 worldtlx2_t                      ffbff860 SMBOMB1A
010628f0 worldtlx3_t                      ffc005f0 damage_s
0105da70 worldtlx3                        ffc00680 hits_s
010628d0 worldtlx4_t                      ffc2d390 JAXBIGBOOT
0105da50 worldtlx4                        ffc2d4e0 JAXGROWFINA
010628b0 worldtlx5_t                      ffc2d550 JAXGROWFINB
0105da30 worldtlx5                        ffc9da50 SBENG1A
01062890 worldtlx6_t                      ffcb04a0 EJBSPIKE
0105da10 worldtlx6                        ffcb0530 SPIKE9
0105d9f0 worldtlx7                        ffce9660 men_adj
0105dad0 worldtlx                         ffcf3af0 dipcointab
01062870 worldtlx7_t                      ffcf3f78 usa_1
01062850 worldtlx8_t                      ffcf3fb0 usa_2
0105d9d0 worldtlx8                        ffcf3fe0 usa_3
01062950 worldtlx_t                       ffcf4010 usa_4
0105d890 worldtly                         ffcf4170 usa_electitle
01062830 worldtly_t                       ffcf41b0 french_electitle
ffac33f0 xcoin                            ffcf4210 german_electitle
ff929850 xfer_him_to_a10_r                ffcf42d0 german_1
ff922060 xfer_him_to_flipped_pause        ffcf4320 german_2
ff883260 xfer_otherguy                    ffcf4370 german_3
ffb52f60 yinHDRS                          ffcf43c0 german_4
ffb31360 yinPALS                          ffcf4410 german_5
ff805a40 yzsort                           ffcf4460 french_1
ff879f40 zero_my_p_hit                    ffcf44b0 french_2
ff8827c0 zero_table_o_longs               ffcf4500 french_3
ff882760 zero_table_o_words               ffcf4550 french_4
ff83a510 zero_turbo_bar                   ffcfc550 edata

[2029 symbols]
